Archive member included to satisfy reference by file (symbol)

/usr/lib/gcc/arm-none-eabi/12.2.1/thumb/v6-m/nofp/libgcc.a(_dvmd_tls.o)
                              CMakeFiles/usbretro_ngc.dir/root/workspace/pico-sdk/src/rp2_common/pico_divider/divider.S.obj (__aeabi_idiv0)
/usr/lib/gcc/arm-none-eabi/12.2.1/../../../arm-none-eabi/lib/thumb/v6-m/nofp/libg.a(lib_a-atexit.o)
                              /usr/lib/gcc/arm-none-eabi/12.2.1/../../../arm-none-eabi/lib/thumb/v6-m/nofp/crt0.o (atexit)
/usr/lib/gcc/arm-none-eabi/12.2.1/../../../arm-none-eabi/lib/thumb/v6-m/nofp/libg.a(lib_a-calloc.o)
                              CMakeFiles/usbretro_ngc.dir/root/workspace/pico-sdk/src/rp2_common/pico_malloc/pico_malloc.c.obj (calloc)
/usr/lib/gcc/arm-none-eabi/12.2.1/../../../arm-none-eabi/lib/thumb/v6-m/nofp/libg.a(lib_a-callocr.o)
                              /usr/lib/gcc/arm-none-eabi/12.2.1/../../../arm-none-eabi/lib/thumb/v6-m/nofp/libg.a(lib_a-calloc.o) (_calloc_r)
/usr/lib/gcc/arm-none-eabi/12.2.1/../../../arm-none-eabi/lib/thumb/v6-m/nofp/libg.a(lib_a-fini.o)
                              /usr/lib/gcc/arm-none-eabi/12.2.1/../../../arm-none-eabi/lib/thumb/v6-m/nofp/crt0.o (__libc_fini_array)
/usr/lib/gcc/arm-none-eabi/12.2.1/../../../arm-none-eabi/lib/thumb/v6-m/nofp/libg.a(lib_a-impure.o)
                              /usr/lib/gcc/arm-none-eabi/12.2.1/../../../arm-none-eabi/lib/thumb/v6-m/nofp/libg.a(lib_a-calloc.o) (_impure_ptr)
/usr/lib/gcc/arm-none-eabi/12.2.1/../../../arm-none-eabi/lib/thumb/v6-m/nofp/libg.a(lib_a-init.o)
                              /usr/lib/gcc/arm-none-eabi/12.2.1/../../../arm-none-eabi/lib/thumb/v6-m/nofp/crt0.o (__libc_init_array)
/usr/lib/gcc/arm-none-eabi/12.2.1/../../../arm-none-eabi/lib/thumb/v6-m/nofp/libg.a(lib_a-malloc.o)
                              CMakeFiles/usbretro_ngc.dir/root/workspace/pico-sdk/src/rp2_common/pico_malloc/pico_malloc.c.obj (malloc)
/usr/lib/gcc/arm-none-eabi/12.2.1/../../../arm-none-eabi/lib/thumb/v6-m/nofp/libg.a(lib_a-mallocr.o)
                              /usr/lib/gcc/arm-none-eabi/12.2.1/../../../arm-none-eabi/lib/thumb/v6-m/nofp/libg.a(lib_a-callocr.o) (_malloc_r)
/usr/lib/gcc/arm-none-eabi/12.2.1/../../../arm-none-eabi/lib/thumb/v6-m/nofp/libg.a(lib_a-memcmp.o)
                              CMakeFiles/usbretro_ngc.dir/devices/8bitdo_bta.c.obj (memcmp)
/usr/lib/gcc/arm-none-eabi/12.2.1/../../../arm-none-eabi/lib/thumb/v6-m/nofp/libg.a(lib_a-memmove.o)
                              CMakeFiles/usbretro_ngc.dir/common/codes.c.obj (memmove)
/usr/lib/gcc/arm-none-eabi/12.2.1/../../../arm-none-eabi/lib/thumb/v6-m/nofp/libg.a(lib_a-mlock.o)
                              /usr/lib/gcc/arm-none-eabi/12.2.1/../../../arm-none-eabi/lib/thumb/v6-m/nofp/libg.a(lib_a-mallocr.o) (__malloc_lock)
/usr/lib/gcc/arm-none-eabi/12.2.1/../../../arm-none-eabi/lib/thumb/v6-m/nofp/libg.a(lib_a-rand.o)
                              CMakeFiles/usbretro_ngc.dir/common/ws2812.c.obj (rand)
/usr/lib/gcc/arm-none-eabi/12.2.1/../../../arm-none-eabi/lib/thumb/v6-m/nofp/libg.a(lib_a-realloc.o)
                              CMakeFiles/usbretro_ngc.dir/root/workspace/pico-sdk/src/rp2_common/pico_malloc/pico_malloc.c.obj (realloc)
/usr/lib/gcc/arm-none-eabi/12.2.1/../../../arm-none-eabi/lib/thumb/v6-m/nofp/libg.a(lib_a-reallocr.o)
                              /usr/lib/gcc/arm-none-eabi/12.2.1/../../../arm-none-eabi/lib/thumb/v6-m/nofp/libg.a(lib_a-realloc.o) (_realloc_r)
/usr/lib/gcc/arm-none-eabi/12.2.1/../../../arm-none-eabi/lib/thumb/v6-m/nofp/libg.a(lib_a-sbrkr.o)
                              /usr/lib/gcc/arm-none-eabi/12.2.1/../../../arm-none-eabi/lib/thumb/v6-m/nofp/libg.a(lib_a-mallocr.o) (_sbrk_r)
/usr/lib/gcc/arm-none-eabi/12.2.1/../../../arm-none-eabi/lib/thumb/v6-m/nofp/libg.a(lib_a-strlen-stub.o)
                              CMakeFiles/usbretro_ngc.dir/root/workspace/pico-sdk/src/rp2_common/pico_stdio/stdio.c.obj (strlen)
/usr/lib/gcc/arm-none-eabi/12.2.1/../../../arm-none-eabi/lib/thumb/v6-m/nofp/libg.a(lib_a-__atexit.o)
                              /usr/lib/gcc/arm-none-eabi/12.2.1/../../../arm-none-eabi/lib/thumb/v6-m/nofp/libg.a(lib_a-atexit.o) (__register_exitproc)
/usr/lib/gcc/arm-none-eabi/12.2.1/../../../arm-none-eabi/lib/thumb/v6-m/nofp/libg.a(lib_a-freer.o)
                              /usr/lib/gcc/arm-none-eabi/12.2.1/../../../arm-none-eabi/lib/thumb/v6-m/nofp/libg.a(lib_a-malloc.o) (_free_r)
/usr/lib/gcc/arm-none-eabi/12.2.1/../../../arm-none-eabi/lib/thumb/v6-m/nofp/libg.a(lib_a-reent.o)
                              /usr/lib/gcc/arm-none-eabi/12.2.1/../../../arm-none-eabi/lib/thumb/v6-m/nofp/libg.a(lib_a-sbrkr.o) (errno)

Allocating common symbols
Common symbol       size              file

info                0x4               CMakeFiles/usbretro_ngc.dir/devices/hid_gamepad.c.obj
pio                 0x4               CMakeFiles/usbretro_ngc.dir/common/ws2812.c.obj
[...]
Memory Configuration

Name             Origin             Length             Attributes
FLASH            0x10000000         0x00200000         xr
RAM              0x20000000         0x00040000         xrw
SCRATCH_X        0x20040000         0x00001000         xrw
SCRATCH_Y        0x20041000         0x00001000         xrw
*default*        0x00000000         0xffffffff

Linker script and memory map

LOAD /usr/lib/gcc/arm-none-eabi/12.2.1/thumb/v6-m/nofp/crti.o
LOAD /usr/lib/gcc/arm-none-eabi/12.2.1/thumb/v6-m/nofp/crtbegin.o
LOAD /usr/lib/gcc/arm-none-eabi/12.2.1/../../../arm-none-eabi/lib/thumb/v6-m/nofp/crt0.o

.flash_begin    0x10000000        0x0
                0x10000000                        __flash_binary_start = .

.boot2          0x10000000      0x100
                0x10000000                        __boot2_start__ = .
 *(.boot2)
 .boot2         0x10000000      0x100 /tmp/ccSmFSUN.o
                0x10000100                        __boot2_end__ = .
                0x00000001                        ASSERT (((__boot2_end__ - __boot2_start__) == 0x100), ERROR: Pico second stage bootloader must be 256 bytes in size)

.text           0x10000100    0x10508
                0x10000100                        __logical_binary_start = .
 *(.vectors)
 .vectors       0x10000100       0xd4 CMakeFiles/usbretro_ngc.dir/root/workspace/pico-sdk/src/rp2_common/pico_standard_link/crt0.S.obj
                0x10000100                __vectors
                0x10000100                __VECTOR_TABLE
                0x100001c0                isr_invalid
                0x100001c0                __default_isrs_start
                0x100001c2                isr_nmi
                0x100001c4                isr_hardfault
                0x100001c6                isr_svcall
                0x100001c8                isr_pendsv
                0x100001ca                isr_systick
                0x100001cc                isr_irq30
                0x100001cc                __unhandled_user_irq
                0x100001cc                isr_irq13
                0x100001cc                isr_irq27
                0x100001cc                isr_irq31
                0x100001cc                isr_irq5
                0x100001cc                isr_irq11
                0x100001cc                isr_irq23
                0x100001cc                isr_irq18
                0x100001cc                isr_irq28
                0x100001cc                isr_irq19
                0x100001cc                isr_irq0
                0x100001cc                isr_irq6
                0x100001cc                isr_irq22
                0x100001cc                isr_irq17
                0x100001cc                isr_irq14
                0x100001cc                isr_irq2
                0x100001cc                isr_irq10
                0x100001cc                isr_irq8
                0x100001cc                isr_irq24
                0x100001cc                isr_irq1
                0x100001cc                isr_irq7
                0x100001cc                isr_irq21
                0x100001cc                isr_irq20
                0x100001cc                isr_irq15
                0x100001cc                isr_irq25
                0x100001cc                isr_irq4
                0x100001cc                isr_irq16
                0x100001cc                isr_irq29
                0x100001cc                isr_irq26
                0x100001cc                __default_isrs_end
                0x100001cc                isr_irq3
                0x100001cc                isr_irq12
                0x100001cc                isr_irq9
                0x100001d2                unhandled_user_irq_num_in_r0
 *(.binary_info_header)
 .binary_info_header
                0x100001d4       0x14 CMakeFiles/usbretro_ngc.dir/root/workspace/pico-sdk/src/rp2_common/pico_standard_link/crt0.S.obj
                0x100001e8                        __binary_info_header_end = .
 *(.reset)
 .reset         0x100001e8       0xa0 CMakeFiles/usbretro_ngc.dir/root/workspace/pico-sdk/src/rp2_common/pico_standard_link/crt0.S.obj
                0x100001e8                _entry_point
 .reset         0x10000288       0x30 CMakeFiles/usbretro_ngc.dir/root/workspace/pico-sdk/src/rp2_common/pico_standard_link/binary_info.c.obj
 *(.init)
 .init          0x100002b8        0x4 /usr/lib/gcc/arm-none-eabi/12.2.1/thumb/v6-m/nofp/crti.o
                0x100002b8                _init
 *(EXCLUDE_FILE(*libm.a: *libc.a:*lib_a-mem*.o *libgcc.a:) .text*)
 .text          0x100002bc       0x98 /usr/lib/gcc/arm-none-eabi/12.2.1/thumb/v6-m/nofp/crtbegin.o
 .text.codes_task
                0x10000354      0x108 CMakeFiles/usbretro_ngc.dir/common/codes.c.obj
                0x10000354                codes_task
 .text.players_init
                0x1000045c      0x284 CMakeFiles/usbretro_ngc.dir/common/players.c.obj
                0x1000045c                players_init
 .text.remove_players_by_address
                0x100006e0      0x114 CMakeFiles/usbretro_ngc.dir/common/players.c.obj
                0x100006e0                remove_players_by_address
 .text.pattern_snakes
                0x100007f4       0x78 CMakeFiles/usbretro_ngc.dir/common/ws2812.c.obj
                0x100007f4                pattern_snakes
 .text.pattern_greys
                0x1000086c       0x48 CMakeFiles/usbretro_ngc.dir/common/ws2812.c.obj
                0x1000086c                pattern_greys
 .text.pattern_purples
                0x100008b4       0x5c CMakeFiles/usbretro_ngc.dir/common/ws2812.c.obj
                0x100008b4                pattern_purples
 .text.pattern_blue
                0x10000910       0x1c CMakeFiles/usbretro_ngc.dir/common/ws2812.c.obj
                0x10000910                pattern_blue
 .text.pattern_red
                0x1000092c       0x1c CMakeFiles/usbretro_ngc.dir/common/ws2812.c.obj
                0x1000092c                pattern_red
 .text.pattern_green
                0x10000948       0x1c CMakeFiles/usbretro_ngc.dir/common/ws2812.c.obj
                0x10000948                pattern_green
 .text.pattern_purple
                0x10000964       0x1c CMakeFiles/usbretro_ngc.dir/common/ws2812.c.obj
                0x10000964                pattern_purple
 .text.pattern_yellow
                0x10000980       0x20 CMakeFiles/usbretro_ngc.dir/common/ws2812.c.obj
                0x10000980                pattern_yellow
 .text.pattern_br
                0x100009a0       0x50 CMakeFiles/usbretro_ngc.dir/common/ws2812.c.obj
                0x100009a0                pattern_br
 .text.pattern_brg
                0x100009f0       0x6c CMakeFiles/usbretro_ngc.dir/common/ws2812.c.obj
                0x100009f0                pattern_brg
 .text.pattern_brgp
                0x10000a5c       0x7c CMakeFiles/usbretro_ngc.dir/common/ws2812.c.obj
                0x10000a5c                pattern_brgp
 .text.pattern_brgpy
                0x10000ad8       0xa0 CMakeFiles/usbretro_ngc.dir/common/ws2812.c.obj
                0x10000ad8                pattern_brgpy
 .text.pattern_random
                0x10000b78       0x34 CMakeFiles/usbretro_ngc.dir/common/ws2812.c.obj
                0x10000b78                pattern_random
 .text.pattern_sparkle
                0x10000bac       0x4c CMakeFiles/usbretro_ngc.dir/common/ws2812.c.obj
                0x10000bac                pattern_sparkle
 .text.get_absolute_time.part.0
                0x10000bf8       0x1c CMakeFiles/usbretro_ngc.dir/common/ws2812.c.obj
 .text.neopixel_init
                0x10000c14      0x108 CMakeFiles/usbretro_ngc.dir/common/ws2812.c.obj
                0x10000c14                neopixel_init
 .text.neopixel_task
                0x10000d1c       0x80 CMakeFiles/usbretro_ngc.dir/common/ws2812.c.obj
                0x10000d1c                neopixel_task
 .text.unmount_hid_keyboard
                0x10000d9c       0x1c CMakeFiles/usbretro_ngc.dir/devices/hid_keyboard.c.obj
                0x10000d9c                unmount_hid_keyboard
 .text.calculate_coordinates
                0x10000db8      0x304 CMakeFiles/usbretro_ngc.dir/devices/hid_keyboard.c.obj
                0x10000db8                calculate_coordinates
 .text.process_hid_keyboard
                0x100010bc      0x450 CMakeFiles/usbretro_ngc.dir/devices/hid_keyboard.c.obj
                0x100010bc                process_hid_keyboard
 .text.output_hid_keyboard
                0x1000150c      0x17c CMakeFiles/usbretro_ngc.dir/devices/hid_keyboard.c.obj
                0x1000150c                output_hid_keyboard
 .text.task_hid_keyboard
                0x10001688       0x80 CMakeFiles/usbretro_ngc.dir/devices/hid_keyboard.c.obj
                0x10001688                task_hid_keyboard
 .text.process_hid_mouse
                0x10001708       0x8c CMakeFiles/usbretro_ngc.dir/devices/hid_mouse.c.obj
                0x10001708                process_hid_mouse
 .text.USB_FreeReportInfo
                0x10001794       0x68 CMakeFiles/usbretro_ngc.dir/devices/hid_parser.c.obj
                0x10001794                USB_FreeReportInfo
 .text.USB_ProcessHIDReport
                0x100017fc      0x6b0 CMakeFiles/usbretro_ngc.dir/devices/hid_parser.c.obj
                0x100017fc                USB_ProcessHIDReport
 .text.USB_GetHIDReportItemInfo
                0x10001eac       0x5c CMakeFiles/usbretro_ngc.dir/devices/hid_parser.c.obj
                0x10001eac                USB_GetHIDReportItemInfo
 .text.is_hid_gamepad
                0x10001f08        0x4 CMakeFiles/usbretro_ngc.dir/devices/hid_gamepad.c.obj
                0x10001f08                is_hid_gamepad
 .text.unmount_hid_gamepad
                0x10001f0c       0xa4 CMakeFiles/usbretro_ngc.dir/devices/hid_gamepad.c.obj
                0x10001f0c                unmount_hid_gamepad
 .text.process_hid_gamepad
                0x10001fb0      0x864 CMakeFiles/usbretro_ngc.dir/devices/hid_gamepad.c.obj
                0x10001fb0                process_hid_gamepad
 .text.parse_descriptor
                0x10002814      0x21c CMakeFiles/usbretro_ngc.dir/devices/hid_gamepad.c.obj
                0x10002814                parse_descriptor
 .text.parse_hid_gamepad
                0x10002a30       0x5c CMakeFiles/usbretro_ngc.dir/devices/hid_gamepad.c.obj
                0x10002a30                parse_hid_gamepad
 .text.CALLBACK_HIDParser_FilterHIDReportItem
                0x10002a8c       0x54 CMakeFiles/usbretro_ngc.dir/devices/hid_gamepad.c.obj
                0x10002a8c                CALLBACK_HIDParser_FilterHIDReportItem
 .text.is_8bitdo_bta
                0x10002ae0       0x34 CMakeFiles/usbretro_ngc.dir/devices/8bitdo_bta.c.obj
                0x10002ae0                is_8bitdo_bta
 .text.diff_report_bta
                0x10002b14       0x70 CMakeFiles/usbretro_ngc.dir/devices/8bitdo_bta.c.obj
                0x10002b14                diff_report_bta
 .text.process_8bitdo_bta
                0x10002b84      0x258 CMakeFiles/usbretro_ngc.dir/devices/8bitdo_bta.c.obj
                0x10002b84                process_8bitdo_bta
 .text.is_8bitdo_m30
                0x10002ddc       0x30 CMakeFiles/usbretro_ngc.dir/devices/8bitdo_m30.c.obj
                0x10002ddc                is_8bitdo_m30
 .text.process_8bitdo_m30
                0x10002e0c      0x230 CMakeFiles/usbretro_ngc.dir/devices/8bitdo_m30.c.obj
                0x10002e0c                process_8bitdo_m30
 .text.is_8bitdo_pce
                0x1000303c       0x1c CMakeFiles/usbretro_ngc.dir/devices/8bitdo_pce.c.obj
                0x1000303c                is_8bitdo_pce
 .text.process_8bitdo_pce
                0x10003058      0x188 CMakeFiles/usbretro_ngc.dir/devices/8bitdo_pce.c.obj
                0x10003058                process_8bitdo_pce
 .text.is_gamecube_adapter
                0x100031e0       0x20 CMakeFiles/usbretro_ngc.dir/devices/gamecube_adapter.c.obj
 .text.task_gamecube_adapter
                0x10003200       0x88 CMakeFiles/usbretro_ngc.dir/devices/gamecube_adapter.c.obj
                0x10003200                task_gamecube_adapter
 .text.diff_report_gamecube_adapter
                0x10003288       0x90 CMakeFiles/usbretro_ngc.dir/devices/gamecube_adapter.c.obj
                0x10003288                diff_report_gamecube_adapter
 .text.input_gamecube_adapter
                0x10003318      0x1d8 CMakeFiles/usbretro_ngc.dir/devices/gamecube_adapter.c.obj
                0x10003318                input_gamecube_adapter
 .text.is_hori_horipad
                0x100034f0       0x18 CMakeFiles/usbretro_ngc.dir/devices/hori_horipad.c.obj
                0x100034f0                is_hori_horipad
 .text.diff_report_horipad
                0x10003508       0x64 CMakeFiles/usbretro_ngc.dir/devices/hori_horipad.c.obj
                0x10003508                diff_report_horipad
 .text.process_hori_horipad
                0x1000356c      0x250 CMakeFiles/usbretro_ngc.dir/devices/hori_horipad.c.obj
                0x1000356c                process_hori_horipad
 .text.is_hori_pokken
                0x100037bc       0x18 CMakeFiles/usbretro_ngc.dir/devices/hori_pokken.c.obj
 .text.diff_report_pokken
                0x100037d4       0x64 CMakeFiles/usbretro_ngc.dir/devices/hori_pokken.c.obj
                0x100037d4                diff_report_pokken
 .text.process_hori_pokken
                0x10003838      0x228 CMakeFiles/usbretro_ngc.dir/devices/hori_pokken.c.obj
                0x10003838                process_hori_pokken
 .text.is_logitech_wingman
                0x10003a60       0x20 CMakeFiles/usbretro_ngc.dir/devices/logitech_wingman.c.obj
 .text.process_logitech_wingman
                0x10003a80      0x248 CMakeFiles/usbretro_ngc.dir/devices/logitech_wingman.c.obj
                0x10003a80                process_logitech_wingman
 .text.is_sega_astrocity
                0x10003cc8       0x24 CMakeFiles/usbretro_ngc.dir/devices/sega_astrocity.c.obj
 .text.process_sega_astrocity
                0x10003cec      0x18c CMakeFiles/usbretro_ngc.dir/devices/sega_astrocity.c.obj
                0x10003cec                process_sega_astrocity
 .text.is_sony_ds3
                0x10003e78       0x20 CMakeFiles/usbretro_ngc.dir/devices/sony_ds3.c.obj
                0x10003e78                is_sony_ds3
 .text.unmount_sony_ds3
                0x10003e98       0x1c CMakeFiles/usbretro_ngc.dir/devices/sony_ds3.c.obj
                0x10003e98                unmount_sony_ds3
 .text.output_sony_ds3
                0x10003eb4      0x11c CMakeFiles/usbretro_ngc.dir/devices/sony_ds3.c.obj
                0x10003eb4                output_sony_ds3
 .text.init_sony_ds3
                0x10003fd0       0x1c CMakeFiles/usbretro_ngc.dir/devices/sony_ds3.c.obj
 .text.diff_report_ds3
                0x10003fec       0x98 CMakeFiles/usbretro_ngc.dir/devices/sony_ds3.c.obj
                0x10003fec                diff_report_ds3
 .text.input_sony_ds3
                0x10004084      0x1e0 CMakeFiles/usbretro_ngc.dir/devices/sony_ds3.c.obj
                0x10004084                input_sony_ds3
 .text.is_sony_ds4
                0x10004264       0x78 CMakeFiles/usbretro_ngc.dir/devices/sony_ds4.c.obj
                0x10004264                is_sony_ds4
 .text.unmount_sony_ds4
                0x100042dc       0x1c CMakeFiles/usbretro_ngc.dir/devices/sony_ds4.c.obj
                0x100042dc                unmount_sony_ds4
 .text.diff_report_ds4
                0x100042f8       0xa4 CMakeFiles/usbretro_ngc.dir/devices/sony_ds4.c.obj
                0x100042f8                diff_report_ds4
 .text.input_sony_ds4
                0x1000439c      0x29c CMakeFiles/usbretro_ngc.dir/devices/sony_ds4.c.obj
                0x1000439c                input_sony_ds4
 .text.output_sony_ds4
                0x10004638      0x164 CMakeFiles/usbretro_ngc.dir/devices/sony_ds4.c.obj
                0x10004638                output_sony_ds4
 .text.task_sony_ds4
                0x1000479c       0x68 CMakeFiles/usbretro_ngc.dir/devices/sony_ds4.c.obj
                0x1000479c                task_sony_ds4
 .text.is_sony_ds5
                0x10004804       0x20 CMakeFiles/usbretro_ngc.dir/devices/sony_ds5.c.obj
                0x10004804                is_sony_ds5
 .text.unmount_sony_ds5
                0x10004824       0x1c CMakeFiles/usbretro_ngc.dir/devices/sony_ds5.c.obj
                0x10004824                unmount_sony_ds5
 .text.diff_report_ds5
                0x10004840       0xa8 CMakeFiles/usbretro_ngc.dir/devices/sony_ds5.c.obj
                0x10004840                diff_report_ds5
 .text.input_sony_ds5
                0x100048e8      0x258 CMakeFiles/usbretro_ngc.dir/devices/sony_ds5.c.obj
                0x100048e8                input_sony_ds5
 .text.output_sony_ds5
                0x10004b40      0x160 CMakeFiles/usbretro_ngc.dir/devices/sony_ds5.c.obj
                0x10004b40                output_sony_ds5
 .text.task_sony_ds5
                0x10004ca0       0x68 CMakeFiles/usbretro_ngc.dir/devices/sony_ds5.c.obj
                0x10004ca0                task_sony_ds5
 .text.is_sony_psc
                0x10004d08       0x20 CMakeFiles/usbretro_ngc.dir/devices/sony_psc.c.obj
                0x10004d08                is_sony_psc
 .text.process_sony_psc
                0x10004d28      0x1e4 CMakeFiles/usbretro_ngc.dir/devices/sony_psc.c.obj
                0x10004d28                process_sony_psc
 .text.is_switch_pro
                0x10004f0c       0x30 CMakeFiles/usbretro_ngc.dir/devices/switch_pro.c.obj
 .text.unmount_switch_pro
                0x10004f3c       0x64 CMakeFiles/usbretro_ngc.dir/devices/switch_pro.c.obj
                0x10004f3c                unmount_switch_pro
 .text.output_switch_pro
                0x10004fa0      0x24c CMakeFiles/usbretro_ngc.dir/devices/switch_pro.c.obj
                0x10004fa0                output_switch_pro
 .text.init_switch_pro
                0x100051ec       0x78 CMakeFiles/usbretro_ngc.dir/devices/switch_pro.c.obj
 .text.diff_report_switch_pro
                0x10005264       0x6c CMakeFiles/usbretro_ngc.dir/devices/switch_pro.c.obj
                0x10005264                diff_report_switch_pro
 .text.input_report_switch_pro
                0x100052d0      0x5a8 CMakeFiles/usbretro_ngc.dir/devices/switch_pro.c.obj
                0x100052d0                input_report_switch_pro
 .text.diff_than_n
                0x10005878       0x1c CMakeFiles/usbretro_ngc.dir/devices/device_utils.c.obj
                0x10005878                diff_than_n
 .text.ensureAllNonZero
                0x10005894       0x2c CMakeFiles/usbretro_ngc.dir/devices/device_utils.c.obj
                0x10005894                ensureAllNonZero
 .text.register_devices
                0x100058c0       0x88 CMakeFiles/usbretro_ngc.dir/devices/device_registry.c.obj
                0x100058c0                register_devices
 .text.usbh_app_driver_get_cb
                0x10005948        0xc CMakeFiles/usbretro_ngc.dir/xinput_app.c.obj
                0x10005948                usbh_app_driver_get_cb
 .text.tuh_xinput_report_received_cb
                0x10005954      0x198 CMakeFiles/usbretro_ngc.dir/xinput_app.c.obj
                0x10005954                tuh_xinput_report_received_cb
 .text.tuh_xinput_mount_cb
                0x10005aec       0x38 CMakeFiles/usbretro_ngc.dir/xinput_app.c.obj
                0x10005aec                tuh_xinput_mount_cb
 .text.tuh_xinput_umount_cb
                0x10005b24       0x14 CMakeFiles/usbretro_ngc.dir/xinput_app.c.obj
                0x10005b24                tuh_xinput_umount_cb
 .text.xinput_task
                0x10005b38       0x8c CMakeFiles/usbretro_ngc.dir/xinput_app.c.obj
                0x10005b38                xinput_task
 .text.hid_app_init
                0x10005bc4        0x8 CMakeFiles/usbretro_ngc.dir/hid_app.c.obj
                0x10005bc4                hid_app_init
 .text.hid_app_task
                0x10005bcc       0xc8 CMakeFiles/usbretro_ngc.dir/hid_app.c.obj
                0x10005bcc                hid_app_task
 .text.get_dev_type
                0x10005c94       0xfc CMakeFiles/usbretro_ngc.dir/hid_app.c.obj
                0x10005c94                get_dev_type
 .text.tuh_hid_mount_cb
                0x10005d90       0xb0 CMakeFiles/usbretro_ngc.dir/hid_app.c.obj
                0x10005d90                tuh_hid_mount_cb
 .text.tuh_hid_umount_cb
                0x10005e40       0x68 CMakeFiles/usbretro_ngc.dir/hid_app.c.obj
                0x10005e40                tuh_hid_umount_cb
 .text.tuh_hid_report_received_cb
                0x10005ea8       0xec CMakeFiles/usbretro_ngc.dir/hid_app.c.obj
                0x10005ea8                tuh_hid_report_received_cb
 .text.startup.main
                0x10005f94       0x7c CMakeFiles/usbretro_ngc.dir/main.c.obj
                0x10005f94                main
 .text.tuh_mount_cb
                0x10006010       0x14 CMakeFiles/usbretro_ngc.dir/main.c.obj
                0x10006010                tuh_mount_cb
 .text.tuh_umount_cb
                0x10006024       0x28 CMakeFiles/usbretro_ngc.dir/main.c.obj
                0x10006024                tuh_umount_cb
 .text.gc_kb_key_lookup_init
                0x1000604c       0xe4 CMakeFiles/usbretro_ngc.dir/console/gamecube/gamecube.c.obj
                0x1000604c                gc_kb_key_lookup_init
 .text.ngc_init
                0x10006130       0xe4 CMakeFiles/usbretro_ngc.dir/console/gamecube/gamecube.c.obj
                0x10006130                ngc_init
 .text.joybus_port_init
                0x10006214      0x108 CMakeFiles/usbretro_ngc.dir/lib/joybus-pio/src/joybus.c.obj
                0x10006214                joybus_port_init
 .text.joybus_port_reset
                0x1000631c       0x20 CMakeFiles/usbretro_ngc.dir/lib/joybus-pio/src/joybus.c.obj
                0x1000631c                joybus_port_reset
 .text.GamecubeConsole_init
                0x1000633c       0x10 CMakeFiles/usbretro_ngc.dir/lib/joybus-pio/src/GamecubeConsole.c.obj
                0x1000633c                GamecubeConsole_init
 .text.set_sys_clock_pll
                0x1000634c       0x78 CMakeFiles/usbretro_ngc.dir/root/workspace/pico-sdk/src/rp2_common/pico_stdlib/stdlib.c.obj
                0x1000634c                set_sys_clock_pll
 .text.check_sys_clock_khz
                0x100063c4      0x210 CMakeFiles/usbretro_ngc.dir/root/workspace/pico-sdk/src/rp2_common/pico_stdlib/stdlib.c.obj
                0x100063c4                check_sys_clock_khz
 .text.gpio_set_function
                0x100065d4       0x30 CMakeFiles/usbretro_ngc.dir/root/workspace/pico-sdk/src/rp2_common/hardware_gpio/gpio.c.obj
                0x100065d4                gpio_set_function
 .text.gpio_set_pulls
                0x10006604       0x24 CMakeFiles/usbretro_ngc.dir/root/workspace/pico-sdk/src/rp2_common/hardware_gpio/gpio.c.obj
                0x10006604                gpio_set_pulls
 .text.gpio_init
                0x10006628       0x3c CMakeFiles/usbretro_ngc.dir/root/workspace/pico-sdk/src/rp2_common/hardware_gpio/gpio.c.obj
                0x10006628                gpio_init
 .text.running_on_fpga
                0x10006664       0x10 CMakeFiles/usbretro_ngc.dir/root/workspace/pico-sdk/src/rp2_common/pico_platform/platform.c.obj
                0x10006664                running_on_fpga
 .text.hw_claim_lock
                0x10006674       0x18 CMakeFiles/usbretro_ngc.dir/root/workspace/pico-sdk/src/rp2_common/hardware_claim/claim.c.obj
                0x10006674                hw_claim_lock
 .text.hw_claim_unlock
                0x1000668c       0x14 CMakeFiles/usbretro_ngc.dir/root/workspace/pico-sdk/src/rp2_common/hardware_claim/claim.c.obj
                0x1000668c                hw_claim_unlock
 .text.hw_claim_or_assert
                0x100066a0       0x44 CMakeFiles/usbretro_ngc.dir/root/workspace/pico-sdk/src/rp2_common/hardware_claim/claim.c.obj
                0x100066a0                hw_claim_or_assert
 .text.hw_claim_unused_from_range
                0x100066e4       0x9c CMakeFiles/usbretro_ngc.dir/root/workspace/pico-sdk/src/rp2_common/hardware_claim/claim.c.obj
                0x100066e4                hw_claim_unused_from_range
 .text.spin_locks_reset
                0x10006780       0x1c CMakeFiles/usbretro_ngc.dir/root/workspace/pico-sdk/src/rp2_common/hardware_sync/sync.c.obj
                0x10006780                spin_locks_reset
 .text.next_striped_spin_lock_num
                0x1000679c       0x18 CMakeFiles/usbretro_ngc.dir/root/workspace/pico-sdk/src/rp2_common/hardware_sync/sync.c.obj
                0x1000679c                next_striped_spin_lock_num
 .text.spin_lock_claim_unused
                0x100067b4       0x24 CMakeFiles/usbretro_ngc.dir/root/workspace/pico-sdk/src/rp2_common/hardware_sync/sync.c.obj
                0x100067b4                spin_lock_claim_unused
 .text.resolve_branch.part.0
                0x100067d8       0x1c CMakeFiles/usbretro_ngc.dir/root/workspace/pico-sdk/src/rp2_common/hardware_irq/irq.c.obj
 .text.make_branch.part.0
                0x100067f4       0x1c CMakeFiles/usbretro_ngc.dir/root/workspace/pico-sdk/src/rp2_common/hardware_irq/irq.c.obj
 .text.irq_set_enabled
                0x10006810       0x24 CMakeFiles/usbretro_ngc.dir/root/workspace/pico-sdk/src/rp2_common/hardware_irq/irq.c.obj
                0x10006810                irq_set_enabled
 .text.irq_is_enabled
                0x10006834       0x18 CMakeFiles/usbretro_ngc.dir/root/workspace/pico-sdk/src/rp2_common/hardware_irq/irq.c.obj
                0x10006834                irq_is_enabled
 .text.irq_get_vtable_handler
                0x1000684c       0x10 CMakeFiles/usbretro_ngc.dir/root/workspace/pico-sdk/src/rp2_common/hardware_irq/irq.c.obj
                0x1000684c                irq_get_vtable_handler
 .text.irq_set_exclusive_handler
                0x1000685c       0x68 CMakeFiles/usbretro_ngc.dir/root/workspace/pico-sdk/src/rp2_common/hardware_irq/irq.c.obj
                0x1000685c                irq_set_exclusive_handler
 .text.irq_add_shared_handler
                0x100068c4      0x260 CMakeFiles/usbretro_ngc.dir/root/workspace/pico-sdk/src/rp2_common/hardware_irq/irq.c.obj
                0x100068c4                irq_add_shared_handler
 .text.irq_remove_handler
                0x10006b24      0x240 CMakeFiles/usbretro_ngc.dir/root/workspace/pico-sdk/src/rp2_common/hardware_irq/irq.c.obj
                0x10006b24                irq_remove_handler
 .text.irq_add_tail_to_free_list
                0x10006d64       0xfc CMakeFiles/usbretro_ngc.dir/root/workspace/pico-sdk/src/rp2_common/hardware_irq/irq.c.obj
                0x10006d64                irq_add_tail_to_free_list
 .text.irq_init_priorities
                0x10006e60       0x24 CMakeFiles/usbretro_ngc.dir/root/workspace/pico-sdk/src/rp2_common/hardware_irq/irq.c.obj
                0x10006e60                irq_init_priorities
 .text.lock_init
                0x10006e84       0x10 CMakeFiles/usbretro_ngc.dir/root/workspace/pico-sdk/src/common/pico_sync/lock_core.c.obj
                0x10006e84                lock_init
 .text.update_us_since_boot.part.0
                0x10006e94       0x1c CMakeFiles/usbretro_ngc.dir/root/workspace/pico-sdk/src/common/pico_sync/mutex.c.obj
 .text.mutex_init
                0x10006eb0       0x1c CMakeFiles/usbretro_ngc.dir/root/workspace/pico-sdk/src/common/pico_sync/mutex.c.obj
                0x10006eb0                mutex_init
 .text.recursive_mutex_init
                0x10006ecc       0x1c CMakeFiles/usbretro_ngc.dir/root/workspace/pico-sdk/src/common/pico_sync/mutex.c.obj
                0x10006ecc                recursive_mutex_init
 .text.critical_section_init
                0x10006ee8       0x1c CMakeFiles/usbretro_ngc.dir/root/workspace/pico-sdk/src/common/pico_sync/critical_section.c.obj
                0x10006ee8                critical_section_init
 .text.sleep_until_callback
                0x10006f04       0x30 CMakeFiles/usbretro_ngc.dir/root/workspace/pico-sdk/src/common/pico_time/time.c.obj
 .text.get_entry.part.0
                0x10006f34       0x1c CMakeFiles/usbretro_ngc.dir/root/workspace/pico-sdk/src/common/pico_time/time.c.obj
 .text.timer_pool_entry_comparator
                0x10006f50       0x50 CMakeFiles/usbretro_ngc.dir/root/workspace/pico-sdk/src/common/pico_time/time.c.obj
                0x10006f50                timer_pool_entry_comparator
 .text.update_us_since_boot.part.0
                0x10006fa0       0x1c CMakeFiles/usbretro_ngc.dir/root/workspace/pico-sdk/src/common/pico_time/time.c.obj
 .text.ph_get_node.part.0
                0x10006fbc       0x1c CMakeFiles/usbretro_ngc.dir/root/workspace/pico-sdk/src/common/pico_time/time.c.obj
 .text.ph_add_child_node
                0x10006fd8       0x68 CMakeFiles/usbretro_ngc.dir/root/workspace/pico-sdk/src/common/pico_time/time.c.obj
 .text.get_entry_id_high.part.0
                0x10007040       0x1c CMakeFiles/usbretro_ngc.dir/root/workspace/pico-sdk/src/common/pico_time/time.c.obj
 .text.alarm_pool_get_default.part.0
                0x1000705c       0x1c CMakeFiles/usbretro_ngc.dir/root/workspace/pico-sdk/src/common/pico_time/time.c.obj
 .text.add_alarm_under_lock.isra.0
                0x10007078      0x10c CMakeFiles/usbretro_ngc.dir/root/workspace/pico-sdk/src/common/pico_time/time.c.obj
 .text.alarm_pool_alarm_callback
                0x10007184      0x2d0 CMakeFiles/usbretro_ngc.dir/root/workspace/pico-sdk/src/common/pico_time/time.c.obj
 .text.alarm_pool_init_default
                0x10007454       0x6c CMakeFiles/usbretro_ngc.dir/root/workspace/pico-sdk/src/common/pico_time/time.c.obj
                0x10007454                alarm_pool_init_default
 .text.alarm_pool_add_alarm_at
                0x100074c0      0x1bc CMakeFiles/usbretro_ngc.dir/root/workspace/pico-sdk/src/common/pico_time/time.c.obj
                0x100074c0                alarm_pool_add_alarm_at
 .text.sleep_until
                0x1000767c       0xe4 CMakeFiles/usbretro_ngc.dir/root/workspace/pico-sdk/src/common/pico_time/time.c.obj
                0x1000767c                sleep_until
 .text.sleep_ms
                0x10007760       0x40 CMakeFiles/usbretro_ngc.dir/root/workspace/pico-sdk/src/common/pico_time/time.c.obj
                0x10007760                sleep_ms
 .text.best_effort_wfe_or_timeout
                0x100077a0      0x16c CMakeFiles/usbretro_ngc.dir/root/workspace/pico-sdk/src/common/pico_time/time.c.obj
                0x100077a0                best_effort_wfe_or_timeout
 .text.hardware_alarm_irq_handler
                0x1000790c       0xbc CMakeFiles/usbretro_ngc.dir/root/workspace/pico-sdk/src/rp2_common/hardware_timer/timer.c.obj
 .text.busy_wait_us.part.0
                0x100079c8       0x1c CMakeFiles/usbretro_ngc.dir/root/workspace/pico-sdk/src/rp2_common/hardware_timer/timer.c.obj
 .text.hardware_alarm_claim
                0x100079e4       0x18 CMakeFiles/usbretro_ngc.dir/root/workspace/pico-sdk/src/rp2_common/hardware_timer/timer.c.obj
                0x100079e4                hardware_alarm_claim
 .text.time_us_64
                0x100079fc       0x14 CMakeFiles/usbretro_ngc.dir/root/workspace/pico-sdk/src/rp2_common/hardware_timer/timer.c.obj
                0x100079fc                time_us_64
 .text.busy_wait_us
                0x10007a10       0x54 CMakeFiles/usbretro_ngc.dir/root/workspace/pico-sdk/src/rp2_common/hardware_timer/timer.c.obj
                0x10007a10                busy_wait_us
 .text.busy_wait_until
                0x10007a64       0x20 CMakeFiles/usbretro_ngc.dir/root/workspace/pico-sdk/src/rp2_common/hardware_timer/timer.c.obj
                0x10007a64                busy_wait_until
 .text.hardware_alarm_set_callback
                0x10007a84       0x8c CMakeFiles/usbretro_ngc.dir/root/workspace/pico-sdk/src/rp2_common/hardware_timer/timer.c.obj
                0x10007a84                hardware_alarm_set_callback
 .text.hardware_alarm_set_target
                0x10007b10       0xec CMakeFiles/usbretro_ngc.dir/root/workspace/pico-sdk/src/rp2_common/hardware_timer/timer.c.obj
                0x10007b10                hardware_alarm_set_target
 .text.hardware_alarm_cancel
                0x10007bfc       0x3c CMakeFiles/usbretro_ngc.dir/root/workspace/pico-sdk/src/rp2_common/hardware_timer/timer.c.obj
                0x10007bfc                hardware_alarm_cancel
 .text.ph_get_node.part.0
                0x10007c38       0x1c CMakeFiles/usbretro_ngc.dir/root/workspace/pico-sdk/src/common/pico_util/pheap.c.obj
 .text.ph_add_child_node
                0x10007c54       0x68 CMakeFiles/usbretro_ngc.dir/root/workspace/pico-sdk/src/common/pico_util/pheap.c.obj
 .text.ph_post_alloc_init
                0x10007cbc       0x48 CMakeFiles/usbretro_ngc.dir/root/workspace/pico-sdk/src/common/pico_util/pheap.c.obj
                0x10007cbc                ph_post_alloc_init
 .text.ph_merge_two_pass
                0x10007d04       0xa0 CMakeFiles/usbretro_ngc.dir/root/workspace/pico-sdk/src/common/pico_util/pheap.c.obj
                0x10007d04                ph_merge_two_pass
 .text.ph_remove_any_head
                0x10007da4      0x1b4 CMakeFiles/usbretro_ngc.dir/root/workspace/pico-sdk/src/common/pico_util/pheap.c.obj
 .text.ph_remove_head
                0x10007f58      0x1b8 CMakeFiles/usbretro_ngc.dir/root/workspace/pico-sdk/src/common/pico_util/pheap.c.obj
                0x10007f58                ph_remove_head
 .text.ph_remove_and_free_node
                0x10008110       0xfc CMakeFiles/usbretro_ngc.dir/root/workspace/pico-sdk/src/common/pico_util/pheap.c.obj
                0x10008110                ph_remove_and_free_node
 .text.uart_init
                0x1000820c      0x188 CMakeFiles/usbretro_ngc.dir/root/workspace/pico-sdk/src/rp2_common/hardware_uart/uart.c.obj
                0x1000820c                uart_init
 .text.clock_configure
                0x10008394      0x138 CMakeFiles/usbretro_ngc.dir/root/workspace/pico-sdk/src/rp2_common/hardware_clocks/clocks.c.obj
                0x10008394                clock_configure
 .text.clocks_init
                0x100084cc      0x270 CMakeFiles/usbretro_ngc.dir/root/workspace/pico-sdk/src/rp2_common/hardware_clocks/clocks.c.obj
                0x100084cc                clocks_init
 .text.clock_get_hz
                0x1000873c        0xc CMakeFiles/usbretro_ngc.dir/root/workspace/pico-sdk/src/rp2_common/hardware_clocks/clocks.c.obj
                0x1000873c                clock_get_hz
 .text.pll_init
                0x10008748      0x104 CMakeFiles/usbretro_ngc.dir/root/workspace/pico-sdk/src/rp2_common/hardware_pll/pll.c.obj
                0x10008748                pll_init
 .text.watchdog_start_tick
                0x1000884c       0x10 CMakeFiles/usbretro_ngc.dir/root/workspace/pico-sdk/src/rp2_common/hardware_watchdog/watchdog.c.obj
                0x1000884c                watchdog_start_tick
 .text.xosc_init
                0x1000885c       0x28 CMakeFiles/usbretro_ngc.dir/root/workspace/pico-sdk/src/rp2_common/hardware_xosc/xosc.c.obj
                0x1000885c                xosc_init
 .text._exit    0x10008884        0x4 CMakeFiles/usbretro_ngc.dir/root/workspace/pico-sdk/src/rp2_common/pico_runtime/runtime.c.obj
                0x10008884                _exit
 .text.exit     0x10008888        0x8 CMakeFiles/usbretro_ngc.dir/root/workspace/pico-sdk/src/rp2_common/pico_runtime/runtime.c.obj
                0x10008888                exit
 .text.__assert_func
                0x10008890       0x38 CMakeFiles/usbretro_ngc.dir/root/workspace/pico-sdk/src/rp2_common/pico_runtime/runtime.c.obj
                0x10008890                __assert_func
 .text.runtime_init
                0x100088c8      0x118 CMakeFiles/usbretro_ngc.dir/root/workspace/pico-sdk/src/rp2_common/pico_runtime/runtime.c.obj
                0x100088c8                runtime_init
 .text.panic    0x100089e0       0x30 CMakeFiles/usbretro_ngc.dir/root/workspace/pico-sdk/src/rp2_common/pico_runtime/runtime.c.obj
                0x100089e0                panic
 .text._out_null
                0x10008a10        0x4 CMakeFiles/usbretro_ngc.dir/root/workspace/pico-sdk/src/rp2_common/pico_printf/printf.c.obj
 .text._out_rev
                0x10008a14       0x90 CMakeFiles/usbretro_ngc.dir/root/workspace/pico-sdk/src/rp2_common/pico_printf/printf.c.obj
 .text._ntoa_format
                0x10008aa4      0x1f4 CMakeFiles/usbretro_ngc.dir/root/workspace/pico-sdk/src/rp2_common/pico_printf/printf.c.obj
 .text._out_fct
                0x10008c98       0x10 CMakeFiles/usbretro_ngc.dir/root/workspace/pico-sdk/src/rp2_common/pico_printf/printf.c.obj
 .text._etoa    0x10008ca8      0x454 CMakeFiles/usbretro_ngc.dir/root/workspace/pico-sdk/src/rp2_common/pico_printf/printf.c.obj
 .text._ftoa    0x100090fc      0x3c4 CMakeFiles/usbretro_ngc.dir/root/workspace/pico-sdk/src/rp2_common/pico_printf/printf.c.obj
 .text._vsnprintf
                0x100094c0      0xb14 CMakeFiles/usbretro_ngc.dir/root/workspace/pico-sdk/src/rp2_common/pico_printf/printf.c.obj
 .text.vfctprintf
                0x10009fd4       0x20 CMakeFiles/usbretro_ngc.dir/root/workspace/pico-sdk/src/rp2_common/pico_printf/printf.c.obj
                0x10009fd4                vfctprintf
 .text          0x10009ff4       0x10 CMakeFiles/usbretro_ngc.dir/root/workspace/pico-sdk/src/rp2_common/pico_bit_ops/bit_ops_aeabi.S.obj
 .text.ctzsi    0x1000a004        0xc CMakeFiles/usbretro_ngc.dir/root/workspace/pico-sdk/src/rp2_common/pico_bit_ops/bit_ops_aeabi.S.obj
                0x1000a004                __wrap___ctzsi2
 .text.rom_func_lookup
                0x1000a010       0x10 CMakeFiles/usbretro_ngc.dir/root/workspace/pico-sdk/src/rp2_common/pico_bootrom/bootrom.c.obj
                0x1000a010                rom_func_lookup
 .text.rom_data_lookup
                0x1000a020       0x10 CMakeFiles/usbretro_ngc.dir/root/workspace/pico-sdk/src/rp2_common/pico_bootrom/bootrom.c.obj
                0x1000a020                rom_data_lookup
 .text.rom_funcs_lookup
                0x1000a030       0x44 CMakeFiles/usbretro_ngc.dir/root/workspace/pico-sdk/src/rp2_common/pico_bootrom/bootrom.c.obj
                0x1000a030                rom_funcs_lookup
 .text.__wrap___aeabi_idiv
                0x1000a074       0x50 CMakeFiles/usbretro_ngc.dir/root/workspace/pico-sdk/src/rp2_common/pico_divider/divider.S.obj
                0x1000a074                __wrap___aeabi_idivmod
                0x1000a074                divmod_s32s32
                0x1000a074                div_s32s32
                0x1000a074                __wrap___aeabi_idiv
                0x1000a07c                divmod_s32s32_unsafe
                0x1000a0a8                divmod_s32s32_savestate
 .text.__wrap___aeabi_uidiv
                0x1000a0c4       0x4c CMakeFiles/usbretro_ngc.dir/root/workspace/pico-sdk/src/rp2_common/pico_divider/divider.S.obj
                0x1000a0c4                __wrap___aeabi_uidiv
                0x1000a0c4                __wrap___aeabi_uidivmod
                0x1000a0c4                div_u32u32
                0x1000a0c4                divmod_u32u32
                0x1000a0cc                divmod_u32u32_unsafe
                0x1000a0f4                divmod_u32u32_savestate
 .text.__wrap___aeabi_ldiv
                0x1000a110      0x424 CMakeFiles/usbretro_ngc.dir/root/workspace/pico-sdk/src/rp2_common/pico_divider/divider.S.obj
                0x1000a110                div_s64s64
                0x1000a110                divmod_s64s64
                0x1000a110                __wrap___aeabi_ldivmod
                0x1000a140                div_u64u64
                0x1000a140                divmod_u64u64
                0x1000a140                __wrap___aeabi_uldivmod
                0x1000a150                divmod_u64u64_savestate
                0x1000a170                divmod_s64s64_unsafe
                0x1000a1f8                divmod_u64u64_unsafe
 .text.__wrap___aeabi_darithmetic
                0x1000a534       0x80 CMakeFiles/usbretro_ngc.dir/root/workspace/pico-sdk/src/rp2_common/pico_double/double_aeabi.S.obj
                0x1000a534                __wrap___aeabi_drsub
                0x1000a53a                __wrap___aeabi_dsub
                0x1000a54c                __wrap___aeabi_dadd
                0x1000a55e                __wrap___aeabi_ddiv
                0x1000a59a                __wrap___aeabi_dmul
 .text.__wrap___aeabi_cdcmple
                0x1000a5b4       0x6c CMakeFiles/usbretro_ngc.dir/root/workspace/pico-sdk/src/rp2_common/pico_double/double_aeabi.S.obj
                0x1000a5b4                __wrap___aeabi_cdrcmple
                0x1000a5c4                __wrap___aeabi_cdcmple
                0x1000a5c4                __wrap___aeabi_cdcmpeq
 .text.__wrap___aeabi_dcmplt
                0x1000a620        0xc CMakeFiles/usbretro_ngc.dir/root/workspace/pico-sdk/src/rp2_common/pico_double/double_aeabi.S.obj
                0x1000a620                __wrap___aeabi_dcmplt
 .text.__wrap___aeabi_dcmpge
                0x1000a62c       0x10 CMakeFiles/usbretro_ngc.dir/root/workspace/pico-sdk/src/rp2_common/pico_double/double_aeabi.S.obj
                0x1000a62c                __wrap___aeabi_dcmpge
 .text.__wrap___aeabi_dcmpgt
                0x1000a63c        0xa CMakeFiles/usbretro_ngc.dir/root/workspace/pico-sdk/src/rp2_common/pico_double/double_aeabi.S.obj
                0x1000a63c                __wrap___aeabi_dcmpgt
 .text.__wrap___aeabi_dcmpun
                0x1000a646       0x1c CMakeFiles/usbretro_ngc.dir/root/workspace/pico-sdk/src/rp2_common/pico_double/double_aeabi.S.obj
                0x1000a646                __wrap___aeabi_dcmpun
 *fill*         0x1000a662        0x2 
 .text.__wrap___aeabi_i2d
                0x1000a664       0x38 CMakeFiles/usbretro_ngc.dir/root/workspace/pico-sdk/src/rp2_common/pico_double/double_aeabi.S.obj
                0x1000a664                __wrap___aeabi_ui2d
                0x1000a66c                __wrap___aeabi_i2d
 .text.__wrap___aeabi_d2iz
                0x1000a69c       0x48 CMakeFiles/usbretro_ngc.dir/root/workspace/pico-sdk/src/rp2_common/pico_double/double_aeabi.S.obj
                0x1000a69c                __wrap___aeabi_d2iz
                0x1000a69c                double2int_z
 .text.__wrap___aeabi_d2uiz
                0x1000a6e4       0x18 CMakeFiles/usbretro_ngc.dir/root/workspace/pico-sdk/src/rp2_common/pico_double/double_aeabi.S.obj
                0x1000a6e4                double2uint
                0x1000a6e4                __wrap___aeabi_d2uiz
 .text.__aeabi_double_init
                0x1000a6fc      0x12c CMakeFiles/usbretro_ngc.dir/root/workspace/pico-sdk/src/rp2_common/pico_double/double_init_rom.c.obj
                0x1000a6fc                __aeabi_double_init
 .text.double_table_shim_on_use_helper
                0x1000a828       0x34 CMakeFiles/usbretro_ngc.dir/root/workspace/pico-sdk/src/rp2_common/pico_double/double_v1_rom_shim.S.obj
                0x1000a828                double_table_shim_on_use_helper
 .text.__wrap___aeabi_dsub
                0x1000a85c       0x10 CMakeFiles/usbretro_ngc.dir/root/workspace/pico-sdk/src/rp2_common/pico_double/double_v1_rom_shim.S.obj
                0x1000a85c                drsub_shim
                0x1000a862                dsub_shim
 .text.dadd_shim
                0x1000a86c      0x15c CMakeFiles/usbretro_ngc.dir/root/workspace/pico-sdk/src/rp2_common/pico_double/double_v1_rom_shim.S.obj
                0x1000a86c                dadd_shim
 .text.dmul_shim
                0x1000a9c8      0x15c CMakeFiles/usbretro_ngc.dir/root/workspace/pico-sdk/src/rp2_common/pico_double/double_v1_rom_shim.S.obj
                0x1000a9c8                dmul_shim
 .text.ddiv_shim
                0x1000ab24      0x1b0 CMakeFiles/usbretro_ngc.dir/root/workspace/pico-sdk/src/rp2_common/pico_double/double_v1_rom_shim.S.obj
                0x1000ab24                ddiv_shim
 .text.double2uint_shim
                0x1000acd4        0xe CMakeFiles/usbretro_ngc.dir/root/workspace/pico-sdk/src/rp2_common/pico_double/double_v1_rom_shim.S.obj
                0x1000acd4                double2uint_shim
                0x1000acd6                double2ufix_shim
 *fill*         0x1000ace2        0x2 
 .text.double2uint64_shim
                0x1000ace4       0x70 CMakeFiles/usbretro_ngc.dir/root/workspace/pico-sdk/src/rp2_common/pico_double/double_v1_rom_shim.S.obj
                0x1000ace4                double2uint64_shim
                0x1000ace6                double2ufix64_shim
                0x1000ad06                d2fix_a
 .text.dunpacks
                0x1000ad54       0x3c CMakeFiles/usbretro_ngc.dir/root/workspace/pico-sdk/src/rp2_common/pico_double/double_v1_rom_shim.S.obj
                0x1000ad54                dunpacks
 .text.__aeabi_lmul
                0x1000ad90       0x32 CMakeFiles/usbretro_ngc.dir/root/workspace/pico-sdk/src/rp2_common/pico_int64_ops/pico_int64_ops_aeabi.S.obj
                0x1000ad90                __wrap___aeabi_lmul
 *fill*         0x1000adc2        0x2 
 .text.__wrap___aeabi_farithmetic
                0x1000adc4       0x58 CMakeFiles/usbretro_ngc.dir/root/workspace/pico-sdk/src/rp2_common/pico_float/float_aeabi.S.obj
                0x1000adc4                __wrap___aeabi_frsub
                0x1000adca                __wrap___aeabi_fsub
                0x1000add4                __wrap___aeabi_fadd
                0x1000adde                __wrap___aeabi_fdiv
                0x1000ae0a                __wrap___aeabi_fmul
 .text.__wrap___aeabi_ui2f
                0x1000ae1c        0xa CMakeFiles/usbretro_ngc.dir/root/workspace/pico-sdk/src/rp2_common/pico_float/float_aeabi.S.obj
                0x1000ae1c                __wrap___aeabi_ui2f
 *fill*         0x1000ae26        0x2 
 .text.__wrap___aeabi_i2f
                0x1000ae28       0x44 CMakeFiles/usbretro_ngc.dir/root/workspace/pico-sdk/src/rp2_common/pico_float/float_aeabi.S.obj
                0x1000ae28                __wrap___aeabi_i2f
 .text.__wrap___aeabi_f2uiz
                0x1000ae6c       0x10 CMakeFiles/usbretro_ngc.dir/root/workspace/pico-sdk/src/rp2_common/pico_float/float_aeabi.S.obj
                0x1000ae6c                __wrap___aeabi_f2uiz
 .text.__aeabi_float_init
                0x1000ae7c       0xf8 CMakeFiles/usbretro_ngc.dir/root/workspace/pico-sdk/src/rp2_common/pico_float/float_init_rom.c.obj
                0x1000ae7c                __aeabi_float_init
 .text.float_table_shim_on_use_helper
                0x1000af74       0x34 CMakeFiles/usbretro_ngc.dir/root/workspace/pico-sdk/src/rp2_common/pico_float/float_v1_rom_shim.S.obj
                0x1000af74                float_table_shim_on_use_helper
 .text          0x1000afa8       0x10 CMakeFiles/usbretro_ngc.dir/root/workspace/pico-sdk/src/rp2_common/pico_mem_ops/mem_ops_aeabi.S.obj
                0x1000afa8                __aeabi_mem_init
 .text.memset   0x1000afb8        0xc CMakeFiles/usbretro_ngc.dir/root/workspace/pico-sdk/src/rp2_common/pico_mem_ops/mem_ops_aeabi.S.obj
                0x1000afb8                __wrap_memset
 .text.memcpy   0x1000afc4        0xc CMakeFiles/usbretro_ngc.dir/root/workspace/pico-sdk/src/rp2_common/pico_mem_ops/mem_ops_aeabi.S.obj
                0x1000afc4                __wrap___aeabi_memcpy
                0x1000afc4                __wrap_memcpy
 .text.stdio_out_chars_no_crlf
                0x1000afd0       0x10 CMakeFiles/usbretro_ngc.dir/root/workspace/pico-sdk/src/rp2_common/pico_stdio/stdio.c.obj
 .text.stdio_out_chars_crlf
                0x1000afe0       0xbc CMakeFiles/usbretro_ngc.dir/root/workspace/pico-sdk/src/rp2_common/pico_stdio/stdio.c.obj
 .text.stdio_buffered_printer
                0x1000b09c       0x64 CMakeFiles/usbretro_ngc.dir/root/workspace/pico-sdk/src/rp2_common/pico_stdio/stdio.c.obj
 .text.update_us_since_boot.part.0
                0x1000b100       0x1c CMakeFiles/usbretro_ngc.dir/root/workspace/pico-sdk/src/rp2_common/pico_stdio/stdio.c.obj
 .text.stdio_put_string.constprop.0.isra.0
                0x1000b11c       0xbc CMakeFiles/usbretro_ngc.dir/root/workspace/pico-sdk/src/rp2_common/pico_stdio/stdio.c.obj
 .text.__wrap_putchar
                0x1000b1d8       0x1c CMakeFiles/usbretro_ngc.dir/root/workspace/pico-sdk/src/rp2_common/pico_stdio/stdio.c.obj
                0x1000b1d8                __wrap_putchar
 .text.__wrap_puts
                0x1000b1f4       0xec CMakeFiles/usbretro_ngc.dir/root/workspace/pico-sdk/src/rp2_common/pico_stdio/stdio.c.obj
                0x1000b1f4                __wrap_puts
 .text.stdio_set_driver_enabled
                0x1000b2e0       0x30 CMakeFiles/usbretro_ngc.dir/root/workspace/pico-sdk/src/rp2_common/pico_stdio/stdio.c.obj
                0x1000b2e0                stdio_set_driver_enabled
 .text.__wrap_vprintf
                0x1000b310       0xe8 CMakeFiles/usbretro_ngc.dir/root/workspace/pico-sdk/src/rp2_common/pico_stdio/stdio.c.obj
                0x1000b310                __wrap_vprintf
 .text.__wrap_printf
                0x1000b3f8       0x18 CMakeFiles/usbretro_ngc.dir/root/workspace/pico-sdk/src/rp2_common/pico_stdio/stdio.c.obj
                0x1000b3f8                __wrap_printf
 .text.stdio_init_all
                0x1000b410        0xc CMakeFiles/usbretro_ngc.dir/root/workspace/pico-sdk/src/rp2_common/pico_stdio/stdio.c.obj
                0x1000b410                stdio_init_all
 .text.stdio_uart_out_chars
                0x1000b41c       0x4c CMakeFiles/usbretro_ngc.dir/root/workspace/pico-sdk/src/rp2_common/pico_stdio_uart/stdio_uart.c.obj
 .text.stdio_uart_in_chars
                0x1000b468       0x98 CMakeFiles/usbretro_ngc.dir/root/workspace/pico-sdk/src/rp2_common/pico_stdio_uart/stdio_uart.c.obj
                0x1000b468                stdio_uart_in_chars
 .text.on_uart_rx
                0x1000b500       0x28 CMakeFiles/usbretro_ngc.dir/root/workspace/pico-sdk/src/rp2_common/pico_stdio_uart/stdio_uart.c.obj
 .text.stdio_uart_set_chars_available_callback
                0x1000b528       0x8c CMakeFiles/usbretro_ngc.dir/root/workspace/pico-sdk/src/rp2_common/pico_stdio_uart/stdio_uart.c.obj
 .text.stdio_uart_init
                0x1000b5b4       0x48 CMakeFiles/usbretro_ngc.dir/root/workspace/pico-sdk/src/rp2_common/pico_stdio_uart/stdio_uart.c.obj
                0x1000b5b4                stdio_uart_init
 .text.stdio_uart_init_full
                0x1000b5fc       0x3c CMakeFiles/usbretro_ngc.dir/root/workspace/pico-sdk/src/rp2_common/pico_stdio_uart/stdio_uart.c.obj
                0x1000b5fc                stdio_uart_init_full
 .text.core1_trampoline
                0x1000b638        0x4 CMakeFiles/usbretro_ngc.dir/root/workspace/pico-sdk/src/rp2_common/pico_multicore/multicore.c.obj
 .text.core1_wrapper
                0x1000b63c        0xc CMakeFiles/usbretro_ngc.dir/root/workspace/pico-sdk/src/rp2_common/pico_multicore/multicore.c.obj
                0x1000b63c                core1_wrapper
 .text.multicore_launch_core1_raw
                0x1000b648       0x84 CMakeFiles/usbretro_ngc.dir/root/workspace/pico-sdk/src/rp2_common/pico_multicore/multicore.c.obj
                0x1000b648                multicore_launch_core1_raw
 .text.multicore_launch_core1
                0x1000b6cc       0x58 CMakeFiles/usbretro_ngc.dir/root/workspace/pico-sdk/src/rp2_common/pico_multicore/multicore.c.obj
                0x1000b6cc                multicore_launch_core1
 .text.pio_sm_claim
                0x1000b724       0x30 CMakeFiles/usbretro_ngc.dir/root/workspace/pico-sdk/src/rp2_common/hardware_pio/pio.c.obj
                0x1000b724                pio_sm_claim
 .text.pio_claim_unused_sm
                0x1000b754       0x3c CMakeFiles/usbretro_ngc.dir/root/workspace/pico-sdk/src/rp2_common/hardware_pio/pio.c.obj
                0x1000b754                pio_claim_unused_sm
 .text.pio_add_program
                0x1000b790      0x108 CMakeFiles/usbretro_ngc.dir/root/workspace/pico-sdk/src/rp2_common/hardware_pio/pio.c.obj
                0x1000b790                pio_add_program
 .text.pio_sm_set_consecutive_pindirs
                0x1000b898       0xa8 CMakeFiles/usbretro_ngc.dir/root/workspace/pico-sdk/src/rp2_common/hardware_pio/pio.c.obj
                0x1000b898                pio_sm_set_consecutive_pindirs
 .text.pio_sm_init
                0x1000b940       0x98 CMakeFiles/usbretro_ngc.dir/root/workspace/pico-sdk/src/rp2_common/hardware_pio/pio.c.obj
                0x1000b940                pio_sm_init
 .text._handle_buff_status_bit.part.0
                0x1000b9d8       0x1c CMakeFiles/usbretro_ngc.dir/root/workspace/pico-sdk/lib/tinyusb/src/portable/raspberrypi/rp2040/hcd_rp2040.c.obj
 .text.hcd_rp2040_irq
                0x1000b9f4      0x3ac CMakeFiles/usbretro_ngc.dir/root/workspace/pico-sdk/lib/tinyusb/src/portable/raspberrypi/rp2040/hcd_rp2040.c.obj
 .text.hcd_init
                0x1000bda0       0x70 CMakeFiles/usbretro_ngc.dir/root/workspace/pico-sdk/lib/tinyusb/src/portable/raspberrypi/rp2040/hcd_rp2040.c.obj
                0x1000bda0                hcd_init
 .text.hcd_port_reset
                0x1000be10       0x24 CMakeFiles/usbretro_ngc.dir/root/workspace/pico-sdk/lib/tinyusb/src/portable/raspberrypi/rp2040/hcd_rp2040.c.obj
                0x1000be10                hcd_port_reset
 .text.hcd_port_reset_end
                0x1000be34        0x4 CMakeFiles/usbretro_ngc.dir/root/workspace/pico-sdk/lib/tinyusb/src/portable/raspberrypi/rp2040/hcd_rp2040.c.obj
                0x1000be34                hcd_port_reset_end
 .text.hcd_port_connect_status
                0x1000be38       0x38 CMakeFiles/usbretro_ngc.dir/root/workspace/pico-sdk/lib/tinyusb/src/portable/raspberrypi/rp2040/hcd_rp2040.c.obj
                0x1000be38                hcd_port_connect_status
 .text.hcd_port_speed_get
                0x1000be70       0x44 CMakeFiles/usbretro_ngc.dir/root/workspace/pico-sdk/lib/tinyusb/src/portable/raspberrypi/rp2040/hcd_rp2040.c.obj
                0x1000be70                hcd_port_speed_get
 .text.hcd_device_close
                0x1000beb4      0x470 CMakeFiles/usbretro_ngc.dir/root/workspace/pico-sdk/lib/tinyusb/src/portable/raspberrypi/rp2040/hcd_rp2040.c.obj
                0x1000beb4                hcd_device_close
 .text.hcd_int_enable
                0x1000c324       0x2c CMakeFiles/usbretro_ngc.dir/root/workspace/pico-sdk/lib/tinyusb/src/portable/raspberrypi/rp2040/hcd_rp2040.c.obj
                0x1000c324                hcd_int_enable
 .text.hcd_edpt_open
                0x1000c350      0x258 CMakeFiles/usbretro_ngc.dir/root/workspace/pico-sdk/lib/tinyusb/src/portable/raspberrypi/rp2040/hcd_rp2040.c.obj
                0x1000c350                hcd_edpt_open
 .text.hcd_edpt_xfer
                0x1000c5a8      0x39c CMakeFiles/usbretro_ngc.dir/root/workspace/pico-sdk/lib/tinyusb/src/portable/raspberrypi/rp2040/hcd_rp2040.c.obj
                0x1000c5a8                hcd_edpt_xfer
 .text.hcd_setup_send
                0x1000c944       0xdc CMakeFiles/usbretro_ngc.dir/root/workspace/pico-sdk/lib/tinyusb/src/portable/raspberrypi/rp2040/hcd_rp2040.c.obj
                0x1000c944                hcd_setup_send
 .text._hw_endpoint_buffer_control_update32.part.0.isra.0
                0x1000ca20       0x1c CMakeFiles/usbretro_ngc.dir/root/workspace/pico-sdk/lib/tinyusb/src/portable/raspberrypi/rp2040/rp2040_usb.c.obj
 .text.rp2040_usb_init
                0x1000ca3c       0x4c CMakeFiles/usbretro_ngc.dir/root/workspace/pico-sdk/lib/tinyusb/src/portable/raspberrypi/rp2040/rp2040_usb.c.obj
                0x1000ca3c                rp2040_usb_init
 .text.hw_endpoint_reset_transfer
                0x1000ca88        0xc CMakeFiles/usbretro_ngc.dir/root/workspace/pico-sdk/lib/tinyusb/src/portable/raspberrypi/rp2040/rp2040_usb.c.obj
                0x1000ca88                hw_endpoint_reset_transfer
 .text.hw_endpoint_start_next_buffer
                0x1000ca94      0x124 CMakeFiles/usbretro_ngc.dir/root/workspace/pico-sdk/lib/tinyusb/src/portable/raspberrypi/rp2040/rp2040_usb.c.obj
                0x1000ca94                hw_endpoint_start_next_buffer
 .text.hw_endpoint_xfer_start
                0x1000cbb8      0x130 CMakeFiles/usbretro_ngc.dir/root/workspace/pico-sdk/lib/tinyusb/src/portable/raspberrypi/rp2040/rp2040_usb.c.obj
                0x1000cbb8                hw_endpoint_xfer_start
 .text.hw_endpoint_xfer_continue
                0x1000cce8      0x108 CMakeFiles/usbretro_ngc.dir/root/workspace/pico-sdk/lib/tinyusb/src/portable/raspberrypi/rp2040/rp2040_usb.c.obj
                0x1000cce8                hw_endpoint_xfer_continue
 .text._control_blocking_complete_cb
                0x1000cdf0        0x8 CMakeFiles/usbretro_ngc.dir/root/workspace/pico-sdk/lib/tinyusb/src/host/usbh.c.obj
 .text.usbh_control_xfer_cb.constprop.0.isra.0
                0x1000cdf8      0x14c CMakeFiles/usbretro_ngc.dir/root/workspace/pico-sdk/lib/tinyusb/src/host/usbh.c.obj
 .text.tuh_event_hook_cb
                0x1000cf44        0x4 CMakeFiles/usbretro_ngc.dir/root/workspace/pico-sdk/lib/tinyusb/src/host/usbh.c.obj
                0x1000cf44                tuh_event_hook_cb
 .text.tuh_vid_pid_get
                0x1000cf48       0x38 CMakeFiles/usbretro_ngc.dir/root/workspace/pico-sdk/lib/tinyusb/src/host/usbh.c.obj
                0x1000cf48                tuh_vid_pid_get
 .text.tuh_speed_get
                0x1000cf80       0x28 CMakeFiles/usbretro_ngc.dir/root/workspace/pico-sdk/lib/tinyusb/src/host/usbh.c.obj
                0x1000cf80                tuh_speed_get
 .text.tuh_init
                0x1000cfa8      0x128 CMakeFiles/usbretro_ngc.dir/root/workspace/pico-sdk/lib/tinyusb/src/host/usbh.c.obj
                0x1000cfa8                tuh_init
 .text.usbh_get_rhport
                0x1000d0d0       0x20 CMakeFiles/usbretro_ngc.dir/root/workspace/pico-sdk/lib/tinyusb/src/host/usbh.c.obj
                0x1000d0d0                usbh_get_rhport
 .text.usbh_get_enum_buf
                0x1000d0f0        0x8 CMakeFiles/usbretro_ngc.dir/root/workspace/pico-sdk/lib/tinyusb/src/host/usbh.c.obj
                0x1000d0f0                usbh_get_enum_buf
 .text.usbh_edpt_claim
                0x1000d0f8       0x48 CMakeFiles/usbretro_ngc.dir/root/workspace/pico-sdk/lib/tinyusb/src/host/usbh.c.obj
                0x1000d0f8                usbh_edpt_claim
 .text.usbh_edpt_release
                0x1000d140       0x48 CMakeFiles/usbretro_ngc.dir/root/workspace/pico-sdk/lib/tinyusb/src/host/usbh.c.obj
                0x1000d140                usbh_edpt_release
 .text.usbh_edpt_xfer_with_callback
                0x1000d188       0x70 CMakeFiles/usbretro_ngc.dir/root/workspace/pico-sdk/lib/tinyusb/src/host/usbh.c.obj
                0x1000d188                usbh_edpt_xfer_with_callback
 .text.tuh_edpt_open
                0x1000d1f8       0x50 CMakeFiles/usbretro_ngc.dir/root/workspace/pico-sdk/lib/tinyusb/src/host/usbh.c.obj
                0x1000d1f8                tuh_edpt_open
 .text.usbh_edpt_busy
                0x1000d248       0x30 CMakeFiles/usbretro_ngc.dir/root/workspace/pico-sdk/lib/tinyusb/src/host/usbh.c.obj
                0x1000d248                usbh_edpt_busy
 .text.tuh_task_ext.part.0
                0x1000d278      0x3c4 CMakeFiles/usbretro_ngc.dir/root/workspace/pico-sdk/lib/tinyusb/src/host/usbh.c.obj
 .text.tuh_task_ext
                0x1000d63c       0x18 CMakeFiles/usbretro_ngc.dir/root/workspace/pico-sdk/lib/tinyusb/src/host/usbh.c.obj
                0x1000d63c                tuh_task_ext
 .text.tuh_control_xfer
                0x1000d654      0x13c CMakeFiles/usbretro_ngc.dir/root/workspace/pico-sdk/lib/tinyusb/src/host/usbh.c.obj
                0x1000d654                tuh_control_xfer
 .text._get_descriptor
                0x1000d790      0x150 CMakeFiles/usbretro_ngc.dir/root/workspace/pico-sdk/lib/tinyusb/src/host/usbh.c.obj
 .text.process_enumeration
                0x1000d8e0      0x670 CMakeFiles/usbretro_ngc.dir/root/workspace/pico-sdk/lib/tinyusb/src/host/usbh.c.obj
 .text.tuh_descriptor_get_hid_report
                0x1000df50      0x150 CMakeFiles/usbretro_ngc.dir/root/workspace/pico-sdk/lib/tinyusb/src/host/usbh.c.obj
                0x1000df50                tuh_descriptor_get_hid_report
 .text.usbh_driver_set_config_complete
                0x1000e0a0      0x1a8 CMakeFiles/usbretro_ngc.dir/root/workspace/pico-sdk/lib/tinyusb/src/host/usbh.c.obj
                0x1000e0a0                usbh_driver_set_config_complete
 .text.connection_port_reset_complete
                0x1000e248       0x34 CMakeFiles/usbretro_ngc.dir/root/workspace/pico-sdk/lib/tinyusb/src/host/hub.c.obj
 .text.hub_clear_feature_complete_stub
                0x1000e27c       0x30 CMakeFiles/usbretro_ngc.dir/root/workspace/pico-sdk/lib/tinyusb/src/host/hub.c.obj
 .text.config_set_port_power
                0x1000e2ac       0x58 CMakeFiles/usbretro_ngc.dir/root/workspace/pico-sdk/lib/tinyusb/src/host/hub.c.obj
 .text.config_port_power_complete
                0x1000e304       0x90 CMakeFiles/usbretro_ngc.dir/root/workspace/pico-sdk/lib/tinyusb/src/host/hub.c.obj
 .text.connection_clear_conn_change_complete
                0x1000e394       0x98 CMakeFiles/usbretro_ngc.dir/root/workspace/pico-sdk/lib/tinyusb/src/host/hub.c.obj
 .text.hub_get_status_complete
                0x1000e42c       0x8c CMakeFiles/usbretro_ngc.dir/root/workspace/pico-sdk/lib/tinyusb/src/host/hub.c.obj
 .text.hub_port_get_status_complete
                0x1000e4b8      0x170 CMakeFiles/usbretro_ngc.dir/root/workspace/pico-sdk/lib/tinyusb/src/host/hub.c.obj
 .text.hub_port_clear_feature
                0x1000e628       0x48 CMakeFiles/usbretro_ngc.dir/root/workspace/pico-sdk/lib/tinyusb/src/host/hub.c.obj
                0x1000e628                hub_port_clear_feature
 .text.hub_port_get_status
                0x1000e670       0x4c CMakeFiles/usbretro_ngc.dir/root/workspace/pico-sdk/lib/tinyusb/src/host/hub.c.obj
                0x1000e670                hub_port_get_status
 .text.hub_init
                0x1000e6bc       0x14 CMakeFiles/usbretro_ngc.dir/root/workspace/pico-sdk/lib/tinyusb/src/host/hub.c.obj
                0x1000e6bc                hub_init
 .text.hub_open
                0x1000e6d0       0x54 CMakeFiles/usbretro_ngc.dir/root/workspace/pico-sdk/lib/tinyusb/src/host/hub.c.obj
                0x1000e6d0                hub_open
 .text.hub_close
                0x1000e724       0x24 CMakeFiles/usbretro_ngc.dir/root/workspace/pico-sdk/lib/tinyusb/src/host/hub.c.obj
                0x1000e724                hub_close
 .text.hub_edpt_status_xfer
                0x1000e748       0x28 CMakeFiles/usbretro_ngc.dir/root/workspace/pico-sdk/lib/tinyusb/src/host/hub.c.obj
                0x1000e748                hub_edpt_status_xfer
 .text.hub_set_config
                0x1000e770       0x54 CMakeFiles/usbretro_ngc.dir/root/workspace/pico-sdk/lib/tinyusb/src/host/hub.c.obj
                0x1000e770                hub_set_config
 .text.hub_xfer_cb
                0x1000e7c4      0x138 CMakeFiles/usbretro_ngc.dir/root/workspace/pico-sdk/lib/tinyusb/src/host/hub.c.obj
                0x1000e7c4                hub_xfer_cb
 .text.set_report_complete
                0x1000e8fc       0x68 CMakeFiles/usbretro_ngc.dir/root/workspace/pico-sdk/lib/tinyusb/src/class/hid/hid_host.c.obj
 .text.process_set_config
                0x1000e964      0x184 CMakeFiles/usbretro_ngc.dir/root/workspace/pico-sdk/lib/tinyusb/src/class/hid/hid_host.c.obj
 .text.tuh_hid_interface_protocol
                0x1000eae8       0x2c CMakeFiles/usbretro_ngc.dir/root/workspace/pico-sdk/lib/tinyusb/src/class/hid/hid_host.c.obj
                0x1000eae8                tuh_hid_interface_protocol
 .text.tuh_hid_set_report
                0x1000eb14       0x7c CMakeFiles/usbretro_ngc.dir/root/workspace/pico-sdk/lib/tinyusb/src/class/hid/hid_host.c.obj
                0x1000eb14                tuh_hid_set_report
 .text.tuh_hid_receive_report
                0x1000eb90       0x58 CMakeFiles/usbretro_ngc.dir/root/workspace/pico-sdk/lib/tinyusb/src/class/hid/hid_host.c.obj
                0x1000eb90                tuh_hid_receive_report
 .text.tuh_hid_send_report
                0x1000ebe8       0xd0 CMakeFiles/usbretro_ngc.dir/root/workspace/pico-sdk/lib/tinyusb/src/class/hid/hid_host.c.obj
                0x1000ebe8                tuh_hid_send_report
 .text.hidh_init
                0x1000ecb8       0x18 CMakeFiles/usbretro_ngc.dir/root/workspace/pico-sdk/lib/tinyusb/src/class/hid/hid_host.c.obj
                0x1000ecb8                hidh_init
 .text.hidh_xfer_cb
                0x1000ecd0       0x78 CMakeFiles/usbretro_ngc.dir/root/workspace/pico-sdk/lib/tinyusb/src/class/hid/hid_host.c.obj
                0x1000ecd0                hidh_xfer_cb
 .text.hidh_close
                0x1000ed48       0x50 CMakeFiles/usbretro_ngc.dir/root/workspace/pico-sdk/lib/tinyusb/src/class/hid/hid_host.c.obj
                0x1000ed48                hidh_close
 .text.hidh_open
                0x1000ed98      0x10c CMakeFiles/usbretro_ngc.dir/root/workspace/pico-sdk/lib/tinyusb/src/class/hid/hid_host.c.obj
                0x1000ed98                hidh_open
 .text.hidh_set_config
                0x1000eea4       0x20 CMakeFiles/usbretro_ngc.dir/root/workspace/pico-sdk/lib/tinyusb/src/class/hid/hid_host.c.obj
                0x1000eea4                hidh_set_config
 .text.tuh_hid_parse_report_descriptor
                0x1000eec4       0xcc CMakeFiles/usbretro_ngc.dir/root/workspace/pico-sdk/lib/tinyusb/src/class/hid/hid_host.c.obj
                0x1000eec4                tuh_hid_parse_report_descriptor
 .text.tusb_init
                0x1000ef90        0xc CMakeFiles/usbretro_ngc.dir/root/workspace/pico-sdk/lib/tinyusb/src/tusb.c.obj
                0x1000ef90                tusb_init
 .text.tu_edpt_claim
                0x1000ef9c       0x50 CMakeFiles/usbretro_ngc.dir/root/workspace/pico-sdk/lib/tinyusb/src/tusb.c.obj
                0x1000ef9c                tu_edpt_claim
 .text.tu_edpt_release
                0x1000efec       0x38 CMakeFiles/usbretro_ngc.dir/root/workspace/pico-sdk/lib/tinyusb/src/tusb.c.obj
                0x1000efec                tu_edpt_release
 .text.tu_edpt_validate
                0x1000f024       0x7c CMakeFiles/usbretro_ngc.dir/root/workspace/pico-sdk/lib/tinyusb/src/tusb.c.obj
                0x1000f024                tu_edpt_validate
 .text.tu_edpt_bind_driver
                0x1000f0a0       0x34 CMakeFiles/usbretro_ngc.dir/root/workspace/pico-sdk/lib/tinyusb/src/tusb.c.obj
                0x1000f0a0                tu_edpt_bind_driver
 .text.tu_desc_get_interface_total_len
                0x1000f0d4       0x4c CMakeFiles/usbretro_ngc.dir/root/workspace/pico-sdk/lib/tinyusb/src/tusb.c.obj
                0x1000f0d4                tu_desc_get_interface_total_len
 .text.tu_fifo_empty
                0x1000f120       0x10 CMakeFiles/usbretro_ngc.dir/root/workspace/pico-sdk/lib/tinyusb/src/common/tusb_fifo.c.obj
                0x1000f120                tu_fifo_empty
 .text.tu_fifo_read
                0x1000f130       0x9c CMakeFiles/usbretro_ngc.dir/root/workspace/pico-sdk/lib/tinyusb/src/common/tusb_fifo.c.obj
                0x1000f130                tu_fifo_read
 .text.tu_fifo_write
                0x1000f1cc       0x88 CMakeFiles/usbretro_ngc.dir/root/workspace/pico-sdk/lib/tinyusb/src/common/tusb_fifo.c.obj
                0x1000f1cc                tu_fifo_write
 .text.tu_fifo_clear
                0x1000f254       0x40 CMakeFiles/usbretro_ngc.dir/root/workspace/pico-sdk/lib/tinyusb/src/common/tusb_fifo.c.obj
                0x1000f254                tu_fifo_clear
 .text.board_init
                0x1000f294       0x30 CMakeFiles/usbretro_ngc.dir/root/workspace/pico-sdk/lib/tinyusb/hw/bsp/rp2040/family.c.obj
                0x1000f294                board_init
 .text.startup._retrieve_unique_id_on_boot
                0x1000f2c4       0x10 CMakeFiles/usbretro_ngc.dir/root/workspace/pico-sdk/src/rp2_common/pico_unique_id/unique_id.c.obj
 .text.flash_get_unique_id
                0x1000f2d4       0x40 CMakeFiles/usbretro_ngc.dir/root/workspace/pico-sdk/src/rp2_common/hardware_flash/flash.c.obj
                0x1000f2d4                flash_get_unique_id
 .text.xinputh_init
                0x1000f314       0x18 CMakeFiles/usbretro_ngc.dir/lib/tusb_xinput/xinput_host.c.obj
                0x1000f314                xinputh_init
 .text.xinputh_open
                0x1000f32c      0x114 CMakeFiles/usbretro_ngc.dir/lib/tusb_xinput/xinput_host.c.obj
                0x1000f32c                xinputh_open
 .text.xinputh_close
                0x1000f440       0x54 CMakeFiles/usbretro_ngc.dir/lib/tusb_xinput/xinput_host.c.obj
                0x1000f440                xinputh_close
 .text.tuh_xinput_receive_report
                0x1000f494       0x64 CMakeFiles/usbretro_ngc.dir/lib/tusb_xinput/xinput_host.c.obj
                0x1000f494                tuh_xinput_receive_report
 .text.tuh_xinput_send_report
                0x1000f4f8       0x80 CMakeFiles/usbretro_ngc.dir/lib/tusb_xinput/xinput_host.c.obj
                0x1000f4f8                tuh_xinput_send_report
 .text.xboxone_init
                0x1000f578      0x118 CMakeFiles/usbretro_ngc.dir/lib/tusb_xinput/xinput_host.c.obj
 .text.xinputh_xfer_cb
                0x1000f690      0x9cc CMakeFiles/usbretro_ngc.dir/lib/tusb_xinput/xinput_host.c.obj
                0x1000f690                xinputh_xfer_cb
 .text.xinputh_set_config
                0x1001005c      0x110 CMakeFiles/usbretro_ngc.dir/lib/tusb_xinput/xinput_host.c.obj
                0x1001005c                xinputh_set_config
 .text.tuh_xinput_set_led
                0x1001016c      0x110 CMakeFiles/usbretro_ngc.dir/lib/tusb_xinput/xinput_host.c.obj
                0x1001016c                tuh_xinput_set_led
 .text.tuh_xinput_set_rumble
                0x1001027c      0x14c CMakeFiles/usbretro_ngc.dir/lib/tusb_xinput/xinput_host.c.obj
                0x1001027c                tuh_xinput_set_rumble
 .text          0x100103c8       0x44 /usr/lib/gcc/arm-none-eabi/12.2.1/../../../arm-none-eabi/lib/thumb/v6-m/nofp/libg.a(lib_a-memcmp.o)
                0x100103c8                memcmp
 .text          0x1001040c       0xb0 /usr/lib/gcc/arm-none-eabi/12.2.1/../../../arm-none-eabi/lib/thumb/v6-m/nofp/libg.a(lib_a-memmove.o)
                0x1001040c                memmove
 .text          0x100104bc       0x48 /usr/lib/gcc/arm-none-eabi/12.2.1/../../../arm-none-eabi/lib/thumb/v6-m/nofp/libg.a(lib_a-rand.o)
                0x100104bc                srand
                0x100104d0                rand
 .text          0x10010504       0x5c /usr/lib/gcc/arm-none-eabi/12.2.1/../../../arm-none-eabi/lib/thumb/v6-m/nofp/libg.a(lib_a-strlen-stub.o)
                0x10010504                strlen
 *(.fini)
 .fini          0x10010560        0x4 /usr/lib/gcc/arm-none-eabi/12.2.1/thumb/v6-m/nofp/crti.o
                0x10010560                _fini
 *fill*         0x10010564        0x4 
 .fini.__stub   0x10010568       0xa0 linker stubs
 *crtbegin.o(.ctors)
 *crtbegin?.o(.ctors)
 *(EXCLUDE_FILE(*crtend.o *crtend?.o) .ctors)
 *(SORT_BY_NAME(.ctors.*))
 *(.ctors)
 *crtbegin.o(.dtors)
 *crtbegin?.o(.dtors)
 *(EXCLUDE_FILE(*crtend.o *crtend?.o) .dtors)
 *(SORT_BY_NAME(.dtors.*))
 *(.dtors)
 *(.eh_frame*)
 .eh_frame      0x10010608        0x0 /usr/lib/gcc/arm-none-eabi/12.2.1/thumb/v6-m/nofp/crtbegin.o
                0x10010608                        . = ALIGN (0x4)

.glue_7         0x10010608        0x0
 .glue_7        0x10010608        0x0 linker stubs

.glue_7t        0x10010608        0x0
 .glue_7t       0x10010608        0x0 linker stubs

.vfp11_veneer   0x10010608        0x0
 .vfp11_veneer  0x10010608        0x0 linker stubs

.v4_bx          0x10010608        0x0
 .v4_bx         0x10010608        0x0 linker stubs

.iplt           0x10010608        0x0
 .iplt          0x10010608        0x0 /usr/lib/gcc/arm-none-eabi/12.2.1/thumb/v6-m/nofp/crtbegin.o

.rodata         0x10010608     0x2178
 *(EXCLUDE_FILE(*libm.a: *libc.a:*lib_a-mem*.o *libgcc.a:) .rodata*)
 .rodata.str1.4
                0x10010608        0x8 CMakeFiles/usbretro_ngc.dir/common/codes.c.obj
 .rodata.PLAYER_LEDS
                0x10010610        0xb CMakeFiles/usbretro_ngc.dir/common/players.c.obj
                0x10010610                PLAYER_LEDS
 *fill*         0x1001061b        0x1 
 .rodata.get_absolute_time.part.0.str1.4
                0x1001061c       0x5f CMakeFiles/usbretro_ngc.dir/common/ws2812.c.obj
 *fill*         0x1001067b        0x1 
 .rodata.__func__.0
                0x1001067c       0x15 CMakeFiles/usbretro_ngc.dir/common/ws2812.c.obj
 *fill*         0x10010691        0x3 
 .rodata.str1.4
                0x10010694       0x72 CMakeFiles/usbretro_ngc.dir/common/ws2812.c.obj
 *fill*         0x10010706        0x2 
 .rodata.pattern_table
                0x10010708       0x70 CMakeFiles/usbretro_ngc.dir/common/ws2812.c.obj
                0x10010708                pattern_table
 .rodata.ws2812_program
                0x10010778        0x6 CMakeFiles/usbretro_ngc.dir/common/ws2812.c.obj
 *fill*         0x1001077e        0x2 
 .rodata.ws2812_program_instructions
                0x10010780        0x8 CMakeFiles/usbretro_ngc.dir/common/ws2812.c.obj
 .rodata.calculate_coordinates
                0x10010788       0xd4 CMakeFiles/usbretro_ngc.dir/devices/hid_keyboard.c.obj
 .rodata.process_hid_keyboard
                0x1001085c       0xd4 CMakeFiles/usbretro_ngc.dir/devices/hid_keyboard.c.obj
 .rodata.task_hid_keyboard.str1.4
                0x10010930       0x5f CMakeFiles/usbretro_ngc.dir/devices/hid_keyboard.c.obj
 .rodata.__func__.0
                0x10010930       0x15 CMakeFiles/usbretro_ngc.dir/devices/hid_keyboard.c.obj
 *fill*         0x10010945        0x3 
 .rodata.str1.4
                0x10010948        0xd CMakeFiles/usbretro_ngc.dir/devices/hid_keyboard.c.obj
 *fill*         0x10010955        0x3 
 .rodata.str1.4
                0x10010958        0xa CMakeFiles/usbretro_ngc.dir/devices/hid_mouse.c.obj
 *fill*         0x10010962        0x2 
 .rodata.USB_ProcessHIDReport.str1.4
                0x10010964       0x50 CMakeFiles/usbretro_ngc.dir/devices/hid_parser.c.obj
 .rodata.USB_ProcessHIDReport
                0x100109b4      0x1f8 CMakeFiles/usbretro_ngc.dir/devices/hid_parser.c.obj
 .rodata.__func__.0
                0x10010bac       0x17 CMakeFiles/usbretro_ngc.dir/devices/hid_parser.c.obj
 *fill*         0x10010bc3        0x1 
 .rodata.__func__.1
                0x10010bc4       0x1b CMakeFiles/usbretro_ngc.dir/devices/hid_parser.c.obj
 *fill*         0x10010bdf        0x1 
 .rodata.__func__.2
                0x10010be0       0x1b CMakeFiles/usbretro_ngc.dir/devices/hid_parser.c.obj
 *fill*         0x10010bfb        0x1 
 .rodata.__func__.3
                0x10010bfc       0x17 CMakeFiles/usbretro_ngc.dir/devices/hid_parser.c.obj
 .rodata.parse_descriptor.str1.4
                0x10010c13       0x50 CMakeFiles/usbretro_ngc.dir/devices/hid_gamepad.c.obj
                                  0x1 (size before relaxing)
 *fill*         0x10010c13        0x1 
 .rodata.parse_descriptor
                0x10010c14       0xe8 CMakeFiles/usbretro_ngc.dir/devices/hid_gamepad.c.obj
 .rodata.str1.4
                0x10010cfc        0xc CMakeFiles/usbretro_ngc.dir/devices/hid_gamepad.c.obj
 .rodata.HAT_SWITCH_TO_DIRECTION_BUTTONS
                0x10010d08        0x9 CMakeFiles/usbretro_ngc.dir/devices/hid_gamepad.c.obj
 *fill*         0x10010d11        0x3 
 .rodata.str1.4
                0x10010d14       0x18 CMakeFiles/usbretro_ngc.dir/devices/8bitdo_bta.c.obj
 .rodata.str1.4
                0x10010d2c       0x15 CMakeFiles/usbretro_ngc.dir/devices/8bitdo_m30.c.obj
 *fill*         0x10010d41        0x3 
 .rodata.str1.4
                0x10010d44       0x10 CMakeFiles/usbretro_ngc.dir/devices/8bitdo_pce.c.obj
 .rodata.task_gamecube_adapter.str1.4
                0x10010d54       0x5f CMakeFiles/usbretro_ngc.dir/devices/gamecube_adapter.c.obj
 .rodata.__func__.0
                0x10010d54       0x15 CMakeFiles/usbretro_ngc.dir/devices/gamecube_adapter.c.obj
 *fill*         0x10010d69        0x3 
 .rodata.str1.4
                0x10010d6c       0x21 CMakeFiles/usbretro_ngc.dir/devices/gamecube_adapter.c.obj
 *fill*         0x10010d8d        0x3 
 .rodata.str1.4
                0x10010d90       0x22 CMakeFiles/usbretro_ngc.dir/devices/hori_horipad.c.obj
 *fill*         0x10010db2        0x2 
 .rodata.str1.4
                0x10010db4       0x16 CMakeFiles/usbretro_ngc.dir/devices/hori_pokken.c.obj
 *fill*         0x10010dca        0x2 
 .rodata.str1.4
                0x10010dcc       0x18 CMakeFiles/usbretro_ngc.dir/devices/logitech_wingman.c.obj
 .rodata.str1.4
                0x10010de4       0x15 CMakeFiles/usbretro_ngc.dir/devices/sega_astrocity.c.obj
 *fill*         0x10010df9        0x3 
 .rodata.str1.4
                0x10010dfc       0x11 CMakeFiles/usbretro_ngc.dir/devices/sony_ds3.c.obj
 *fill*         0x10010e0d        0x3 
 .rodata.ds3_init_cmd_buf
                0x10010e10        0x4 CMakeFiles/usbretro_ngc.dir/devices/sony_ds3.c.obj
                0x10010e10                ds3_init_cmd_buf
 .rodata        0x10010e14       0x31 CMakeFiles/usbretro_ngc.dir/devices/sony_ds3.c.obj
 *fill*         0x10010e45        0x3 
 .rodata.output_sony_ds4
                0x10010e48       0x18 CMakeFiles/usbretro_ngc.dir/devices/sony_ds4.c.obj
 .rodata.task_sony_ds4.str1.4
                0x10010e60       0x5f CMakeFiles/usbretro_ngc.dir/devices/sony_ds4.c.obj
 .rodata.__func__.0
                0x10010e60       0x15 CMakeFiles/usbretro_ngc.dir/devices/sony_ds4.c.obj
 *fill*         0x10010e75        0x3 
 .rodata.str1.4
                0x10010e78       0x11 CMakeFiles/usbretro_ngc.dir/devices/sony_ds4.c.obj
 *fill*         0x10010e89        0x3 
 .rodata.output_sony_ds5
                0x10010e8c       0x18 CMakeFiles/usbretro_ngc.dir/devices/sony_ds5.c.obj
 .rodata.task_sony_ds5.str1.4
                0x10010ea4       0x5f CMakeFiles/usbretro_ngc.dir/devices/sony_ds5.c.obj
 .rodata.__func__.0
                0x10010ea4       0x15 CMakeFiles/usbretro_ngc.dir/devices/sony_ds5.c.obj
 *fill*         0x10010eb9        0x3 
 .rodata.str1.4
                0x10010ebc       0x31 CMakeFiles/usbretro_ngc.dir/devices/sony_ds5.c.obj
                                 0x35 (size before relaxing)
 *fill*         0x10010eed        0x3 
 .rodata.str1.4
                0x10010ef0       0x19 CMakeFiles/usbretro_ngc.dir/devices/sony_psc.c.obj
 *fill*         0x10010f09        0x3 
 .rodata.str1.4
                0x10010f0c        0xb CMakeFiles/usbretro_ngc.dir/devices/switch_pro.c.obj
 *fill*         0x10010f17        0x1 
 .rodata.tuh_xinput_mount_cb.str1.4
                0x10010f18       0x18 CMakeFiles/usbretro_ngc.dir/xinput_app.c.obj
 .rodata.tuh_xinput_umount_cb.str1.4
                0x10010f30       0x1a CMakeFiles/usbretro_ngc.dir/xinput_app.c.obj
 *fill*         0x10010f4a        0x2 
 .rodata.get_dev_type.str1.4
                0x10010f4c       0x80 CMakeFiles/usbretro_ngc.dir/hid_app.c.obj
 .rodata.tuh_hid_mount_cb.str1.4
                0x10010fcc       0x75 CMakeFiles/usbretro_ngc.dir/hid_app.c.obj
 *fill*         0x10011041        0x3 
 .rodata.tuh_hid_umount_cb.str1.4
                0x10011044       0x36 CMakeFiles/usbretro_ngc.dir/hid_app.c.obj
 *fill*         0x1001107a        0x2 
 .rodata.tuh_hid_report_received_cb.str1.4
                0x1001107c       0x31 CMakeFiles/usbretro_ngc.dir/hid_app.c.obj
 *fill*         0x100110ad        0x3 
 .rodata.str1.4
                0x100110b0        0x5 CMakeFiles/usbretro_ngc.dir/hid_app.c.obj
                                 0x1a (size before relaxing)
 *fill*         0x100110b5        0x3 
 .rodata        0x100110b8        0xc CMakeFiles/usbretro_ngc.dir/hid_app.c.obj
 .rodata.main.str1.4
                0x100110c4       0x19 CMakeFiles/usbretro_ngc.dir/main.c.obj
                                 0x1e (size before relaxing)
 *fill*         0x100110dd        0x3 
 .rodata.tuh_mount_cb.str1.4
                0x100110e0       0x26 CMakeFiles/usbretro_ngc.dir/main.c.obj
 *fill*         0x10011106        0x2 
 .rodata.tuh_umount_cb.str1.4
                0x10011108       0x29 CMakeFiles/usbretro_ngc.dir/main.c.obj
 *fill*         0x10011131        0x3 
 .rodata.str1.4
                0x10011134       0x17 CMakeFiles/usbretro_ngc.dir/console/gamecube/gamecube.c.obj
 *fill*         0x1001114b        0x1 
 .rodata.ngc_init.str1.4
                0x1001114c       0x32 CMakeFiles/usbretro_ngc.dir/console/gamecube/gamecube.c.obj
 .rodata.str1.4
                0x1001117e       0x5f CMakeFiles/usbretro_ngc.dir/lib/joybus-pio/src/joybus.c.obj
 *fill*         0x1001117e        0x2 
 .rodata.__func__.0
                0x10011180       0x15 CMakeFiles/usbretro_ngc.dir/lib/joybus-pio/src/joybus.c.obj
 *fill*         0x10011195        0x3 
 .rodata.joybus_program
                0x10011198        0x6 CMakeFiles/usbretro_ngc.dir/lib/joybus-pio/src/joybus.c.obj
 *fill*         0x1001119e        0x2 
 .rodata.joybus_program_instructions
                0x100111a0       0x2e CMakeFiles/usbretro_ngc.dir/lib/joybus-pio/src/joybus.c.obj
 *fill*         0x100111ce        0x2 
 .rodata.str1.4
                0x100111d0       0x49 CMakeFiles/usbretro_ngc.dir/lib/joybus-pio/src/GamecubeConsole.c.obj
                                 0xa9 (size before relaxing)
 *fill*         0x10011219        0x3 
 .rodata.__func__.0
                0x1001121c       0x15 CMakeFiles/usbretro_ngc.dir/lib/joybus-pio/src/GamecubeConsole.c.obj
 *fill*         0x10011231        0x3 
 .rodata.spin_lock_claim_unused.str1.4
                0x10011234       0x1b CMakeFiles/usbretro_ngc.dir/root/workspace/pico-sdk/src/rp2_common/hardware_sync/sync.c.obj
 *fill*         0x1001124f        0x1 
 .rodata.resolve_branch.part.0.str1.4
                0x10011250       0x53 CMakeFiles/usbretro_ngc.dir/root/workspace/pico-sdk/src/rp2_common/hardware_irq/irq.c.obj
 *fill*         0x100112a3        0x1 
 .rodata.make_branch.part.0.str1.4
                0x100112a4       0x30 CMakeFiles/usbretro_ngc.dir/root/workspace/pico-sdk/src/rp2_common/hardware_irq/irq.c.obj
 .rodata.irq_set_exclusive_handler.str1.4
                0x100112d4       0x36 CMakeFiles/usbretro_ngc.dir/root/workspace/pico-sdk/src/rp2_common/hardware_irq/irq.c.obj
 *fill*         0x1001130a        0x2 
 .rodata.irq_add_shared_handler.str1.4
                0x1001130c       0xc2 CMakeFiles/usbretro_ngc.dir/root/workspace/pico-sdk/src/rp2_common/hardware_irq/irq.c.obj
 *fill*         0x100113ce        0x2 
 .rodata.irq_remove_handler.str1.4
                0x100113d0       0x44 CMakeFiles/usbretro_ngc.dir/root/workspace/pico-sdk/src/rp2_common/hardware_irq/irq.c.obj
                                 0x4a (size before relaxing)
 .rodata.irq_add_tail_to_free_list.str1.4
                0x10011414       0x3a CMakeFiles/usbretro_ngc.dir/root/workspace/pico-sdk/src/rp2_common/hardware_irq/irq.c.obj
 *fill*         0x1001144e        0x2 
 .rodata.__func__.0
                0x10011450       0x1a CMakeFiles/usbretro_ngc.dir/root/workspace/pico-sdk/src/rp2_common/hardware_irq/irq.c.obj
 *fill*         0x1001146a        0x2 
 .rodata.__func__.1
                0x1001146c       0x17 CMakeFiles/usbretro_ngc.dir/root/workspace/pico-sdk/src/rp2_common/hardware_irq/irq.c.obj
 *fill*         0x10011483        0x1 
 .rodata.__func__.2
                0x10011484       0x13 CMakeFiles/usbretro_ngc.dir/root/workspace/pico-sdk/src/rp2_common/hardware_irq/irq.c.obj
 *fill*         0x10011497        0x1 
 .rodata.__func__.3
                0x10011498        0xc CMakeFiles/usbretro_ngc.dir/root/workspace/pico-sdk/src/rp2_common/hardware_irq/irq.c.obj
 .rodata.__func__.4
                0x100114a4        0xf CMakeFiles/usbretro_ngc.dir/root/workspace/pico-sdk/src/rp2_common/hardware_irq/irq.c.obj
 *fill*         0x100114b3        0x1 
 .rodata.__func__.5
                0x100114b4       0x17 CMakeFiles/usbretro_ngc.dir/root/workspace/pico-sdk/src/rp2_common/hardware_irq/irq.c.obj
 *fill*         0x100114cb        0x1 
 .rodata.__func__.6
                0x100114cc       0x1a CMakeFiles/usbretro_ngc.dir/root/workspace/pico-sdk/src/rp2_common/hardware_irq/irq.c.obj
 .rodata.update_us_since_boot.part.0.str1.4
                0x100114e6       0x5f CMakeFiles/usbretro_ngc.dir/root/workspace/pico-sdk/src/common/pico_sync/mutex.c.obj
 *fill*         0x100114e6        0x2 
 .rodata.str1.4
                0x100114e8       0x89 CMakeFiles/usbretro_ngc.dir/root/workspace/pico-sdk/src/common/pico_sync/mutex.c.obj
 *fill*         0x10011571        0x3 
 .rodata.__func__.1
                0x10011574        0xb CMakeFiles/usbretro_ngc.dir/root/workspace/pico-sdk/src/common/pico_sync/mutex.c.obj
 *fill*         0x1001157f        0x1 
 .rodata.__func__.3
                0x10011580       0x18 CMakeFiles/usbretro_ngc.dir/root/workspace/pico-sdk/src/common/pico_sync/mutex.c.obj
 .rodata.__func__.4
                0x10011598       0x15 CMakeFiles/usbretro_ngc.dir/root/workspace/pico-sdk/src/common/pico_sync/mutex.c.obj
 *fill*         0x100115ad        0x3 
 .rodata.get_entry.part.0.str1.4
                0x100115b0       0x59 CMakeFiles/usbretro_ngc.dir/root/workspace/pico-sdk/src/common/pico_time/time.c.obj
 .rodata.update_us_since_boot.part.0.str1.4
                0x10011609       0x5f CMakeFiles/usbretro_ngc.dir/root/workspace/pico-sdk/src/common/pico_time/time.c.obj
 *fill*         0x10011609        0x3 
 .rodata.ph_get_node.part.0.str1.4
                0x1001160c       0x64 CMakeFiles/usbretro_ngc.dir/root/workspace/pico-sdk/src/common/pico_time/time.c.obj
 .rodata.ph_add_child_node.str1.4
                0x10011670       0x22 CMakeFiles/usbretro_ngc.dir/root/workspace/pico-sdk/src/common/pico_time/time.c.obj
 *fill*         0x10011692        0x2 
 .rodata.alarm_pool_get_default.part.0.str1.4
                0x10011694       0x21 CMakeFiles/usbretro_ngc.dir/root/workspace/pico-sdk/src/common/pico_time/time.c.obj
 *fill*         0x100116b5        0x3 
 .rodata.add_alarm_under_lock.isra.0.str1.4
                0x100116b8       0x28 CMakeFiles/usbretro_ngc.dir/root/workspace/pico-sdk/src/common/pico_time/time.c.obj
 .rodata.alarm_pool_alarm_callback.str1.4
                0x100116e0       0x98 CMakeFiles/usbretro_ngc.dir/root/workspace/pico-sdk/src/common/pico_time/time.c.obj
 .rodata.alarm_pool_cancel_alarm.str1.4
                0x10011778       0x27 CMakeFiles/usbretro_ngc.dir/root/workspace/pico-sdk/src/common/pico_time/time.c.obj
 *fill*         0x1001179f        0x1 
 .rodata.sleep_until.str1.4
                0x100117a0       0x4d CMakeFiles/usbretro_ngc.dir/root/workspace/pico-sdk/src/common/pico_time/time.c.obj
 *fill*         0x100117ed        0x3 
 .rodata.__func__.1
                0x100117f0       0x18 CMakeFiles/usbretro_ngc.dir/root/workspace/pico-sdk/src/common/pico_time/time.c.obj
 .rodata.__func__.3
                0x10011808       0x17 CMakeFiles/usbretro_ngc.dir/root/workspace/pico-sdk/src/common/pico_time/time.c.obj
 *fill*         0x1001181f        0x1 
 .rodata.__func__.4
                0x10011820       0x12 CMakeFiles/usbretro_ngc.dir/root/workspace/pico-sdk/src/common/pico_time/time.c.obj
 *fill*         0x10011832        0x2 
 .rodata.__func__.5
                0x10011834        0xd CMakeFiles/usbretro_ngc.dir/root/workspace/pico-sdk/src/common/pico_time/time.c.obj
 *fill*         0x10011841        0x3 
 .rodata.__func__.6
                0x10011844       0x12 CMakeFiles/usbretro_ngc.dir/root/workspace/pico-sdk/src/common/pico_time/time.c.obj
 *fill*         0x10011856        0x2 
 .rodata.__func__.8
                0x10011858        0xc CMakeFiles/usbretro_ngc.dir/root/workspace/pico-sdk/src/common/pico_time/time.c.obj
 .rodata.__func__.9
                0x10011864       0x15 CMakeFiles/usbretro_ngc.dir/root/workspace/pico-sdk/src/common/pico_time/time.c.obj
 *fill*         0x10011879        0x3 
 .rodata.__func__.10
                0x1001187c       0x15 CMakeFiles/usbretro_ngc.dir/root/workspace/pico-sdk/src/common/pico_time/time.c.obj
 *fill*         0x10011891        0x3 
 .rodata.__func__.11
                0x10011894       0x1a CMakeFiles/usbretro_ngc.dir/root/workspace/pico-sdk/src/common/pico_time/time.c.obj
 *fill*         0x100118ae        0x2 
 .rodata.__func__.12
                0x100118b0        0xa CMakeFiles/usbretro_ngc.dir/root/workspace/pico-sdk/src/common/pico_time/time.c.obj
 .rodata.busy_wait_us.part.0.str1.4
                0x100118ba       0x5f CMakeFiles/usbretro_ngc.dir/root/workspace/pico-sdk/src/rp2_common/hardware_timer/timer.c.obj
 *fill*         0x100118ba        0x2 
 .rodata.hardware_alarm_claim.str1.4
                0x100118bc       0x22 CMakeFiles/usbretro_ngc.dir/root/workspace/pico-sdk/src/rp2_common/hardware_timer/timer.c.obj
 *fill*         0x100118de        0x2 
 .rodata.hardware_alarm_set_target.str1.4
                0x100118e0       0x63 CMakeFiles/usbretro_ngc.dir/root/workspace/pico-sdk/src/rp2_common/hardware_timer/timer.c.obj
 *fill*         0x10011943        0x1 
 .rodata.__func__.0
                0x10011944       0x1a CMakeFiles/usbretro_ngc.dir/root/workspace/pico-sdk/src/rp2_common/hardware_timer/timer.c.obj
 *fill*         0x1001195e        0x2 
 .rodata.__func__.1
                0x10011960       0x15 CMakeFiles/usbretro_ngc.dir/root/workspace/pico-sdk/src/rp2_common/hardware_timer/timer.c.obj
 .rodata.ph_get_node.part.0.str1.4
                0x10011975       0x64 CMakeFiles/usbretro_ngc.dir/root/workspace/pico-sdk/src/common/pico_util/pheap.c.obj
 .rodata.ph_add_child_node.str1.4
                0x10011975       0x22 CMakeFiles/usbretro_ngc.dir/root/workspace/pico-sdk/src/common/pico_util/pheap.c.obj
 *fill*         0x10011975        0x3 
 .rodata.ph_remove_any_head.str1.4
                0x10011978       0x8c CMakeFiles/usbretro_ngc.dir/root/workspace/pico-sdk/src/common/pico_util/pheap.c.obj
                                 0xa0 (size before relaxing)
 .rodata.ph_remove_and_free_node.str1.4
                0x10011a04       0x1e CMakeFiles/usbretro_ngc.dir/root/workspace/pico-sdk/src/common/pico_util/pheap.c.obj
                                 0x26 (size before relaxing)
 *fill*         0x10011a22        0x2 
 .rodata.__func__.0
                0x10011a24       0x18 CMakeFiles/usbretro_ngc.dir/root/workspace/pico-sdk/src/common/pico_util/pheap.c.obj
 .rodata.__func__.1
                0x10011a3c       0x13 CMakeFiles/usbretro_ngc.dir/root/workspace/pico-sdk/src/common/pico_util/pheap.c.obj
 *fill*         0x10011a4f        0x1 
 .rodata.__func__.2
                0x10011a50       0x12 CMakeFiles/usbretro_ngc.dir/root/workspace/pico-sdk/src/common/pico_util/pheap.c.obj
 *fill*         0x10011a62        0x2 
 .rodata.__func__.3
                0x10011a64        0xc CMakeFiles/usbretro_ngc.dir/root/workspace/pico-sdk/src/common/pico_util/pheap.c.obj
 .rodata.clocks_irq_handler.str1.4
                0x10011a70       0xe7 CMakeFiles/usbretro_ngc.dir/root/workspace/pico-sdk/src/rp2_common/hardware_clocks/clocks.c.obj
 *fill*         0x10011b57        0x1 
 .rodata.clock_configure.str1.4
                0x10011b58       0x11 CMakeFiles/usbretro_ngc.dir/root/workspace/pico-sdk/src/rp2_common/hardware_clocks/clocks.c.obj
 *fill*         0x10011b69        0x3 
 .rodata.__func__.1
                0x10011b6c       0x10 CMakeFiles/usbretro_ngc.dir/root/workspace/pico-sdk/src/rp2_common/hardware_clocks/clocks.c.obj
 .rodata.pll_init.str1.4
                0x10011b7c      0x101 CMakeFiles/usbretro_ngc.dir/root/workspace/pico-sdk/src/rp2_common/hardware_pll/pll.c.obj
 *fill*         0x10011c7d        0x3 
 .rodata.__func__.0
                0x10011c80        0x9 CMakeFiles/usbretro_ngc.dir/root/workspace/pico-sdk/src/rp2_common/hardware_pll/pll.c.obj
 *fill*         0x10011c89        0x3 
 .rodata.__assert_func.str1.4
                0x10011c8c       0x3f CMakeFiles/usbretro_ngc.dir/root/workspace/pico-sdk/src/rp2_common/pico_runtime/runtime.c.obj
                                 0x43 (size before relaxing)
 *fill*         0x10011ccb        0x1 
 .rodata.runtime_init.str1.4
                0x10011ccc       0x5f CMakeFiles/usbretro_ngc.dir/root/workspace/pico-sdk/src/rp2_common/pico_runtime/runtime.c.obj
 *fill*         0x10011d2b        0x1 
 .rodata.panic.str1.4
                0x10011d2c       0x10 CMakeFiles/usbretro_ngc.dir/root/workspace/pico-sdk/src/rp2_common/pico_runtime/runtime.c.obj
                                 0x12 (size before relaxing)
 .rodata.__func__.2
                0x10011d3c        0xd CMakeFiles/usbretro_ngc.dir/root/workspace/pico-sdk/src/rp2_common/pico_runtime/runtime.c.obj
 *fill*         0x10011d49        0x3 
 .rodata._ftoa.str1.4
                0x10011d4c       0x15 CMakeFiles/usbretro_ngc.dir/root/workspace/pico-sdk/src/rp2_common/pico_printf/printf.c.obj
 *fill*         0x10011d61        0x3 
 .rodata._vsnprintf
                0x10011d64      0x19c CMakeFiles/usbretro_ngc.dir/root/workspace/pico-sdk/src/rp2_common/pico_printf/printf.c.obj
 .rodata.pow10.0
                0x10011f00       0x50 CMakeFiles/usbretro_ngc.dir/root/workspace/pico-sdk/src/rp2_common/pico_printf/printf.c.obj
 .rodata.__aeabi_double_init.str1.4
                0x10011f50       0x9a CMakeFiles/usbretro_ngc.dir/root/workspace/pico-sdk/src/rp2_common/pico_double/double_init_rom.c.obj
 *fill*         0x10011fea        0x2 
 .rodata.__func__.0
                0x10011fec       0x14 CMakeFiles/usbretro_ngc.dir/root/workspace/pico-sdk/src/rp2_common/pico_double/double_init_rom.c.obj
 .rodata.__aeabi_float_init.str1.4
                0x10012000       0x78 CMakeFiles/usbretro_ngc.dir/root/workspace/pico-sdk/src/rp2_common/pico_float/float_init_rom.c.obj
                                 0x7c (size before relaxing)
 .rodata.__func__.0
                0x10012078       0x13 CMakeFiles/usbretro_ngc.dir/root/workspace/pico-sdk/src/rp2_common/pico_float/float_init_rom.c.obj
 *fill*         0x1001208b        0x1 
 .rodata.str1.4
                0x1001208c       0x44 CMakeFiles/usbretro_ngc.dir/root/workspace/pico-sdk/src/rp2_common/pico_standard_link/binary_info.c.obj
 .rodata.__bi_81
                0x100120d0        0xc CMakeFiles/usbretro_ngc.dir/root/workspace/pico-sdk/src/rp2_common/pico_standard_link/binary_info.c.obj
 .rodata.__bi_75